Archive member included to satisfy reference by file (symbol)

c:/st/stm32cubeide_1.7.0/stm32cubeide/plugins/com.st.stm32cube.ide.mcu.externaltools.gnu-tools-for-stm32.10.3-2021.10.win32_1.0.200.202301161003/tools/bin/../lib/gcc/arm-none-eabi/10.3.1/../../../../arm-none-eabi/lib/thumb/v7e-m+dp/hard\libstdc++_nano.a(pure.o)
                              ./Core/Src/rosserial.o (__cxa_pure_virtual)
c:/st/stm32cubeide_1.7.0/stm32cubeide/plugins/com.st.stm32cube.ide.mcu.externaltools.gnu-tools-for-stm32.10.3-2021.10.win32_1.0.200.202301161003/tools/bin/../lib/gcc/arm-none-eabi/10.3.1/../../../../arm-none-eabi/lib/thumb/v7e-m+dp/hard\libstdc++_nano.a(eh_terminate.o)
                              c:/st/stm32cubeide_1.7.0/stm32cubeide/plugins/com.st.stm32cube.ide.mcu.externaltools.gnu-tools-for-stm32.10.3-2021.10.win32_1.0.200.202301161003/tools/bin/../lib/gcc/arm-none-eabi/10.3.1/../../../../arm-none-eabi/lib/thumb/v7e-m+dp/hard\libstdc++_nano.a(pure.o) (std::terminate())
c:/st/stm32cubeide_1.7.0/stm32cubeide/plugins/com.st.stm32cube.ide.mcu.externaltools.gnu-tools-for-stm32.10.3-2021.10.win32_1.0.200.202301161003/tools/bin/../lib/gcc/arm-none-eabi/10.3.1/../../../../arm-none-eabi/lib/thumb/v7e-m+dp/hard\libstdc++_nano.a(eh_unex_handler.o)
                              c:/st/stm32cubeide_1.7.0/stm32cubeide/plugins/com.st.stm32cube.ide.mcu.externaltools.gnu-tools-for-stm32.10.3-2021.10.win32_1.0.200.202301161003/tools/bin/../lib/gcc/arm-none-eabi/10.3.1/../../../../arm-none-eabi/lib/thumb/v7e-m+dp/hard\libstdc++_nano.a(eh_terminate.o) (__cxxabiv1::__unexpected_handler)
c:/st/stm32cubeide_1.7.0/stm32cubeide/plugins/com.st.stm32cube.ide.mcu.externaltools.gnu-tools-for-stm32.10.3-2021.10.win32_1.0.200.202301161003/tools/bin/../lib/gcc/arm-none-eabi/10.3.1/../../../../arm-none-eabi/lib/thumb/v7e-m+dp/hard\libstdc++_nano.a(eh_term_handler.o)
                              c:/st/stm32cubeide_1.7.0/stm32cubeide/plugins/com.st.stm32cube.ide.mcu.externaltools.gnu-tools-for-stm32.10.3-2021.10.win32_1.0.200.202301161003/tools/bin/../lib/gcc/arm-none-eabi/10.3.1/../../../../arm-none-eabi/lib/thumb/v7e-m+dp/hard\libstdc++_nano.a(eh_terminate.o) (__cxxabiv1::__terminate_handler)
c:/st/stm32cubeide_1.7.0/stm32cubeide/plugins/com.st.stm32cube.ide.mcu.externaltools.gnu-tools-for-stm32.10.3-2021.10.win32_1.0.200.202301161003/tools/bin/../lib/gcc/arm-none-eabi/10.3.1/../../../../arm-none-eabi/lib/thumb/v7e-m+dp/hard\libc_nano.a(lib_a-abort.o)
                              c:/st/stm32cubeide_1.7.0/stm32cubeide/plugins/com.st.stm32cube.ide.mcu.externaltools.gnu-tools-for-stm32.10.3-2021.10.win32_1.0.200.202301161003/tools/bin/../lib/gcc/arm-none-eabi/10.3.1/../../../../arm-none-eabi/lib/thumb/v7e-m+dp/hard\libstdc++_nano.a(eh_terminate.o) (abort)
c:/st/stm32cubeide_1.7.0/stm32cubeide/plugins/com.st.stm32cube.ide.mcu.externaltools.gnu-tools-for-stm32.10.3-2021.10.win32_1.0.200.202301161003/tools/bin/../lib/gcc/arm-none-eabi/10.3.1/../../../../arm-none-eabi/lib/thumb/v7e-m+dp/hard\libc_nano.a(lib_a-errno.o)
                              ./Core/Src/syscalls.o (__errno)
c:/st/stm32cubeide_1.7.0/stm32cubeide/plugins/com.st.stm32cube.ide.mcu.externaltools.gnu-tools-for-stm32.10.3-2021.10.win32_1.0.200.202301161003/tools/bin/../lib/gcc/arm-none-eabi/10.3.1/../../../../arm-none-eabi/lib/thumb/v7e-m+dp/hard\libc_nano.a(lib_a-exit.o)
                              c:/st/stm32cubeide_1.7.0/stm32cubeide/plugins/com.st.stm32cube.ide.mcu.externaltools.gnu-tools-for-stm32.10.3-2021.10.win32_1.0.200.202301161003/tools/bin/../lib/gcc/arm-none-eabi/10.3.1/../../../../arm-none-eabi/lib/thumb/v7e-m+dp/hard/crt0.o (exit)
c:/st/stm32cubeide_1.7.0/stm32cubeide/plugins/com.st.stm32cube.ide.mcu.externaltools.gnu-tools-for-stm32.10.3-2021.10.win32_1.0.200.202301161003/tools/bin/../lib/gcc/arm-none-eabi/10.3.1/../../../../arm-none-eabi/lib/thumb/v7e-m+dp/hard\libc_nano.a(lib_a-impure.o)
                              c:/st/stm32cubeide_1.7.0/stm32cubeide/plugins/com.st.stm32cube.ide.mcu.externaltools.gnu-tools-for-stm32.10.3-2021.10.win32_1.0.200.202301161003/tools/bin/../lib/gcc/arm-none-eabi/10.3.1/../../../../arm-none-eabi/lib/thumb/v7e-m+dp/hard\libc_nano.a(lib_a-exit.o) (_global_impure_ptr)
c:/st/stm32cubeide_1.7.0/stm32cubeide/plugins/com.st.stm32cube.ide.mcu.externaltools.gnu-tools-for-stm32.10.3-2021.10.win32_1.0.200.202301161003/tools/bin/../lib/gcc/arm-none-eabi/10.3.1/../../../../arm-none-eabi/lib/thumb/v7e-m+dp/hard\libc_nano.a(lib_a-init.o)
                              c:/st/stm32cubeide_1.7.0/stm32cubeide/plugins/com.st.stm32cube.ide.mcu.externaltools.gnu-tools-for-stm32.10.3-2021.10.win32_1.0.200.202301161003/tools/bin/../lib/gcc/arm-none-eabi/10.3.1/../../../../arm-none-eabi/lib/thumb/v7e-m+dp/hard/crt0.o (__libc_init_array)
[...]
Memory Configuration

Name             Origin             Length             Attributes
ITCMRAM          0x0000000000000000 0x0000000000010000 xrw
DTCMRAM          0x0000000020000000 0x0000000000020000 xrw
FLASH            0x0000000008000000 0x0000000000100000 xr
RAM_D1           0x0000000024000000 0x0000000000050000 xrw
RAM_D2           0x0000000030000000 0x0000000000008000 xrw
RAM_D3           0x0000000038000000 0x0000000000004000 xrw
*default*        0x0000000000000000 0xffffffffffffffff

Linker script and memory map

LOAD c:/st/stm32cubeide_1.7.0/stm32cubeide/plugins/com.st.stm32cube.ide.mcu.externaltools.gnu-tools-for-stm32.10.3-2021.10.win32_1.0.200.202301161003/tools/bin/../lib/gcc/arm-none-eabi/10.3.1/thumb/v7e-m+dp/hard/crti.o
LOAD c:/st/stm32cubeide_1.7.0/stm32cubeide/plugins/com.st.stm32cube.ide.mcu.externaltools.gnu-tools-for-stm32.10.3-2021.10.win32_1.0.200.202301161003/tools/bin/../lib/gcc/arm-none-eabi/10.3.1/thumb/v7e-m+dp/hard/crtbegin.o
LOAD c:/st/stm32cubeide_1.7.0/stm32cubeide/plugins/com.st.stm32cube.ide.mcu.externaltools.gnu-tools-for-stm32.10.3-2021.10.win32_1.0.200.202301161003/tools/bin/../lib/gcc/arm-none-eabi/10.3.1/../../../../arm-none-eabi/lib/thumb/v7e-m+dp/hard/crt0.o
LOAD ./Core/Inc/duration.o
LOAD ./Core/Inc/time.o
LOAD ./Core/Src/control.o
LOAD ./Core/Src/dma.o
LOAD ./Core/Src/gpio.o
LOAD ./Core/Src/main.o
LOAD ./Core/Src/rosserial.o
LOAD ./Core/Src/stm32h7xx_hal_msp.o
LOAD ./Core/Src/stm32h7xx_it.o
LOAD ./Core/Src/syscalls.o
LOAD ./Core/Src/sysmem.o
LOAD ./Core/Src/system_stm32h7xx.o
LOAD ./Core/Src/tim.o
LOAD ./Core/Src/usart.o
LOAD ./Core/Startup/startup_stm32h723zgtx.o
LOAD ./Drivers/STM32H7xx_HAL_Driver/Src/stm32h7xx_hal.o
LOAD ./Drivers/STM32H7xx_HAL_Driver/Src/stm32h7xx_hal_cortex.o
LOAD ./Drivers/STM32H7xx_HAL_Driver/Src/stm32h7xx_hal_dma.o
LOAD ./Drivers/STM32H7xx_HAL_Driver/Src/stm32h7xx_hal_dma_ex.o
LOAD ./Drivers/STM32H7xx_HAL_Driver/Src/stm32h7xx_hal_exti.o
LOAD ./Drivers/STM32H7xx_HAL_Driver/Src/stm32h7xx_hal_flash.o
LOAD ./Drivers/STM32H7xx_HAL_Driver/Src/stm32h7xx_hal_flash_ex.o
LOAD ./Drivers/STM32H7xx_HAL_Driver/Src/stm32h7xx_hal_gpio.o
LOAD ./Drivers/STM32H7xx_HAL_Driver/Src/stm32h7xx_hal_hsem.o
LOAD ./Drivers/STM32H7xx_HAL_Driver/Src/stm32h7xx_hal_i2c.o
LOAD ./Drivers/STM32H7xx_HAL_Driver/Src/stm32h7xx_hal_i2c_ex.o
LOAD ./Drivers/STM32H7xx_HAL_Driver/Src/stm32h7xx_hal_mdma.o
LOAD ./Drivers/STM32H7xx_HAL_Driver/Src/stm32h7xx_hal_pwr.o
LOAD ./Drivers/STM32H7xx_HAL_Driver/Src/stm32h7xx_hal_pwr_ex.o
LOAD ./Drivers/STM32H7xx_HAL_Driver/Src/stm32h7xx_hal_rcc.o
LOAD ./Drivers/STM32H7xx_HAL_Driver/Src/stm32h7xx_hal_rcc_ex.o
LOAD ./Drivers/STM32H7xx_HAL_Driver/Src/stm32h7xx_hal_tim.o
LOAD ./Drivers/STM32H7xx_HAL_Driver/Src/stm32h7xx_hal_tim_ex.o
LOAD ./Drivers/STM32H7xx_HAL_Driver/Src/stm32h7xx_hal_uart.o
LOAD ./Drivers/STM32H7xx_HAL_Driver/Src/stm32h7xx_hal_uart_ex.o
START GROUP
LOAD c:/st/stm32cubeide_1.7.0/stm32cubeide/plugins/com.st.stm32cube.ide.mcu.externaltools.gnu-tools-for-stm32.10.3-2021.10.win32_1.0.200.202301161003/tools/bin/../lib/gcc/arm-none-eabi/10.3.1/../../../../arm-none-eabi/lib/thumb/v7e-m+dp/hard\libstdc++_nano.a
LOAD c:/st/stm32cubeide_1.7.0/stm32cubeide/plugins/com.st.stm32cube.ide.mcu.externaltools.gnu-tools-for-stm32.10.3-2021.10.win32_1.0.200.202301161003/tools/bin/../lib/gcc/arm-none-eabi/10.3.1/../../../../arm-none-eabi/lib/thumb/v7e-m+dp/hard\libsupc++_nano.a
END GROUP
LOAD c:/st/stm32cubeide_1.7.0/stm32cubeide/plugins/com.st.stm32cube.ide.mcu.externaltools.gnu-tools-for-stm32.10.3-2021.10.win32_1.0.200.202301161003/tools/bin/../lib/gcc/arm-none-eabi/10.3.1/../../../../arm-none-eabi/lib/thumb/v7e-m+dp/hard\libstdc++_nano.a
LOAD c:/st/stm32cubeide_1.7.0/stm32cubeide/plugins/com.st.stm32cube.ide.mcu.externaltools.gnu-tools-for-stm32.10.3-2021.10.win32_1.0.200.202301161003/tools/bin/../lib/gcc/arm-none-eabi/10.3.1/../../../../arm-none-eabi/lib/thumb/v7e-m+dp/hard\libm.a
LOAD c:/st/stm32cubeide_1.7.0/stm32cubeide/plugins/com.st.stm32cube.ide.mcu.externaltools.gnu-tools-for-stm32.10.3-2021.10.win32_1.0.200.202301161003/tools/bin/../lib/gcc/arm-none-eabi/10.3.1/../../../../arm-none-eabi/lib/thumb/v7e-m+dp/hard\libc_nano.a
START GROUP
LOAD c:/st/stm32cubeide_1.7.0/stm32cubeide/plugins/com.st.stm32cube.ide.mcu.externaltools.gnu-tools-for-stm32.10.3-2021.10.win32_1.0.200.202301161003/tools/bin/../lib/gcc/arm-none-eabi/10.3.1/thumb/v7e-m+dp/hard\libgcc.a
LOAD c:/st/stm32cubeide_1.7.0/stm32cubeide/plugins/com.st.stm32cube.ide.mcu.externaltools.gnu-tools-for-stm32.10.3-2021.10.win32_1.0.200.202301161003/tools/bin/../lib/gcc/arm-none-eabi/10.3.1/../../../../arm-none-eabi/lib/thumb/v7e-m+dp/hard\libc_nano.a
END GROUP
START GROUP
LOAD c:/st/stm32cubeide_1.7.0/stm32cubeide/plugins/com.st.stm32cube.ide.mcu.externaltools.gnu-tools-for-stm32.10.3-2021.10.win32_1.0.200.202301161003/tools/bin/../lib/gcc/arm-none-eabi/10.3.1/thumb/v7e-m+dp/hard\libgcc.a
LOAD c:/st/stm32cubeide_1.7.0/stm32cubeide/plugins/com.st.stm32cube.ide.mcu.externaltools.gnu-tools-for-stm32.10.3-2021.10.win32_1.0.200.202301161003/tools/bin/../lib/gcc/arm-none-eabi/10.3.1/../../../../arm-none-eabi/lib/thumb/v7e-m+dp/hard\libc_nano.a
END GROUP
LOAD c:/st/stm32cubeide_1.7.0/stm32cubeide/plugins/com.st.stm32cube.ide.mcu.externaltools.gnu-tools-for-stm32.10.3-2021.10.win32_1.0.200.202301161003/tools/bin/../lib/gcc/arm-none-eabi/10.3.1/thumb/v7e-m+dp/hard/crtend.o
LOAD c:/st/stm32cubeide_1.7.0/stm32cubeide/plugins/com.st.stm32cube.ide.mcu.externaltools.gnu-tools-for-stm32.10.3-2021.10.win32_1.0.200.202301161003/tools/bin/../lib/gcc/arm-none-eabi/10.3.1/thumb/v7e-m+dp/hard/crtn.o
                0x0000000024050000                _estack = (ORIGIN (RAM_D1) + LENGTH (RAM_D1))
                0x0000000000000200                _Min_Heap_Size = 0x200
                0x0000000000000400                _Min_Stack_Size = 0x400

.isr_vector     0x0000000008000000      0x2cc
                0x0000000008000000                . = ALIGN (0x4)
 *(.isr_vector)
 .isr_vector    0x0000000008000000      0x2cc ./Core/Startup/startup_stm32h723zgtx.o
                0x0000000008000000                g_pfnVectors
                0x00000000080002cc                . = ALIGN (0x4)

.text           0x00000000080002d0     0xf290
                0x00000000080002d0                . = ALIGN (0x4)
 *(.text)
 .text          0x00000000080002d0       0x40 c:/st/stm32cubeide_1.7.0/stm32cubeide/plugins/com.st.stm32cube.ide.mcu.externaltools.gnu-tools-for-stm32.10.3-2021.10.win32_1.0.200.202301161003/tools/bin/../lib/gcc/arm-none-eabi/10.3.1/thumb/v7e-m+dp/hard/crtbegin.o
 .text          0x0000000008000310       0x10 c:/st/stm32cubeide_1.7.0/stm32cubeide/plugins/com.st.stm32cube.ide.mcu.externaltools.gnu-tools-for-stm32.10.3-2021.10.win32_1.0.200.202301161003/tools/bin/../lib/gcc/arm-none-eabi/10.3.1/../../../../arm-none-eabi/lib/thumb/v7e-m+dp/hard\libc_nano.a(lib_a-strlen.o)
                0x0000000008000310                strlen
 .text          0x0000000008000320       0x30 c:/st/stm32cubeide_1.7.0/stm32cubeide/plugins/com.st.stm32cube.ide.mcu.externaltools.gnu-tools-for-stm32.10.3-2021.10.win32_1.0.200.202301161003/tools/bin/../lib/gcc/arm-none-eabi/10.3.1/thumb/v7e-m+dp/hard\libgcc.a(_aeabi_uldivmod.o)
                0x0000000008000320                __aeabi_uldivmod
 .text          0x0000000008000350      0x2d0 c:/st/stm32cubeide_1.7.0/stm32cubeide/plugins/com.st.stm32cube.ide.mcu.externaltools.gnu-tools-for-stm32.10.3-2021.10.win32_1.0.200.202301161003/tools/bin/../lib/gcc/arm-none-eabi/10.3.1/thumb/v7e-m+dp/hard\libgcc.a(_udivmoddi4.o)
                0x0000000008000350                __udivmoddi4
 .text          0x0000000008000620        0x4 c:/st/stm32cubeide_1.7.0/stm32cubeide/plugins/com.st.stm32cube.ide.mcu.externaltools.gnu-tools-for-stm32.10.3-2021.10.win32_1.0.200.202301161003/tools/bin/../lib/gcc/arm-none-eabi/10.3.1/thumb/v7e-m+dp/hard\libgcc.a(_dvmd_tls.o)
                0x0000000008000620                __aeabi_idiv0
                0x0000000008000620                __aeabi_ldiv0
 *(.text*)
 .text._ZN3ros16normalizeSecNSecERmS0_
                0x0000000008000624       0x58 ./Core/Inc/time.o
                0x0000000008000624                ros::normalizeSecNSec(unsigned long&, unsigned long&)
 *fill*         0x000000000800067c        0x4 
 .text.Control_Init
                0x0000000008000680      0x4e4 ./Core/Src/control.o
                0x0000000008000680                Control_Init
 .text.Pid_Param_Init
                0x0000000008000b64       0x3e ./Core/Src/control.o
                0x0000000008000b64                Pid_Param_Init
 .text.Motor_Driver_Init
                0x0000000008000ba2       0x68 ./Core/Src/control.o
                0x0000000008000ba2                Motor_Driver_Init
 *fill*         0x0000000008000c0a        0x2 
 .text.Control_Timer_Init
                0x0000000008000c0c       0x60 ./Core/Src/control.o
                0x0000000008000c0c                Control_Timer_Init
 *fill*         0x0000000008000c6c        0x4 
 .text.Hardware_Info_Init
                0x0000000008000c70       0x70 ./Core/Src/control.o
                0x0000000008000c70                Hardware_Info_Init
 .text.PID_Controller
                0x0000000008000ce0      0x478 ./Core/Src/control.o
                0x0000000008000ce0                PID_Controller
 .text.Forward_Kinematics
                0x0000000008001158      0x174 ./Core/Src/control.o
                0x0000000008001158                Forward_Kinematics
 *fill*         0x00000000080012cc        0x4 
 .text.Inverse_Kinematics
                0x00000000080012d0      0x160 ./Core/Src/control.o
                0x00000000080012d0                Inverse_Kinematics
 .text.MX_DMA_Init
                0x0000000008001430       0x50 ./Core/Src/dma.o
                0x0000000008001430                MX_DMA_Init
 .text.MX_GPIO_Init
                0x0000000008001480      0x18c ./Core/Src/gpio.o
                0x0000000008001480                MX_GPIO_Init
 .text.main     0x000000000800160c       0x54 ./Core/Src/main.o
                0x000000000800160c                main
 .text.SystemClock_Config
                0x0000000008001660       0xdc ./Core/Src/main.o
                0x0000000008001660                SystemClock_Config
 .text.HAL_TIM_PeriodElapsedCallback
                0x000000000800173c       0xa8 ./Core/Src/main.o
                0x000000000800173c                HAL_TIM_PeriodElapsedCallback
 .text.HAL_UART_ErrorCallback
                0x00000000080017e4       0x60 ./Core/Src/main.o
                0x00000000080017e4                HAL_UART_ErrorCallback
 .text.Error_Handler
                0x0000000008001844        0xa ./Core/Src/main.o
                0x0000000008001844                Error_Handler
 .text._ZN3ros4TimeC2Ev
                0x000000000800184e       0x22 ./Core/Src/rosserial.o
                0x000000000800184e                ros::Time::Time()
                0x000000000800184e                ros::Time::Time()
 .text._ZN3ros3MsgC2Ev
                0x0000000008001870       0x20 ./Core/Src/rosserial.o
                0x0000000008001870                ros::Msg::Msg()
                0x0000000008001870                ros::Msg::Msg()
 .text._ZN8std_msgs4TimeC2Ev
                0x0000000008001890       0x30 ./Core/Src/rosserial.o
                0x0000000008001890                std_msgs::Time::Time()
                0x0000000008001890                std_msgs::Time::Time()
 .text._ZNK8std_msgs4Time9serializeEPh
                0x00000000080018c0       0xb0 ./Core/Src/rosserial.o
                0x00000000080018c0                std_msgs::Time::serialize(unsigned char*) const
 .text._ZN8std_msgs4Time11deserializeEPh
                0x0000000008001970       0xc8 ./Core/Src/rosserial.o
                0x0000000008001970                std_msgs::Time::deserialize(unsigned char*)
 .text._ZN8std_msgs4Time7getTypeEv
                0x0000000008001a38       0x1c ./Core/Src/rosserial.o
                0x0000000008001a38                std_msgs::Time::getType()
 .text._ZN8std_msgs4Time6getMD5Ev
                0x0000000008001a54       0x1c ./Core/Src/rosserial.o
                0x0000000008001a54                std_msgs::Time::getMD5()
 .text._ZN14rosserial_msgs9TopicInfoC2Ev
                0x0000000008001a70       0x48 ./Core/Src/rosserial.o
                0x0000000008001a70                rosserial_msgs::TopicInfo::TopicInfo()
                0x0000000008001a70                rosserial_msgs::TopicInfo::TopicInfo()
 .text._ZNK14rosserial_msgs9TopicInfo9serializeEPh
                0x0000000008001ab8      0x136 ./Core/Src/rosserial.o
                0x0000000008001ab8                rosserial_msgs::TopicInfo::serialize(unsigned char*) const
 .text._ZN14rosserial_msgs9TopicInfo11deserializeEPh
                0x0000000008001bee      0x1d0 ./Core/Src/rosserial.o
                0x0000000008001bee                rosserial_msgs::TopicInfo::deserialize(unsigned char*)
 *fill*         0x0000000008001dbe        0x2 
 .text._ZN14rosserial_msgs9TopicInfo7getTypeEv
                0x0000000008001dc0       0x1c ./Core/Src/rosserial.o
                0x0000000008001dc0                rosserial_msgs::TopicInfo::getType()
 .text._ZN14rosserial_msgs9TopicInfo6getMD5Ev
                0x0000000008001ddc       0x1c ./Core/Src/rosserial.o
                0x0000000008001ddc                rosserial_msgs::TopicInfo::getMD5()
 .text._ZN14rosserial_msgs3LogC2Ev
                0x0000000008001df8       0x34 ./Core/Src/rosserial.o
                0x0000000008001df8                rosserial_msgs::Log::Log()
                0x0000000008001df8                rosserial_msgs::Log::Log()
 .text._ZNK14rosserial_msgs3Log9serializeEPh
                0x0000000008001e2c       0x64 ./Core/Src/rosserial.o
                0x0000000008001e2c                rosserial_msgs::Log::serialize(unsigned char*) const
 .text._ZN14rosserial_msgs3Log11deserializeEPh
                0x0000000008001e90       0x90 ./Core/Src/rosserial.o
                0x0000000008001e90                rosserial_msgs::Log::deserialize(unsigned char*)
 .text._ZN14rosserial_msgs3Log7getTypeEv
                0x0000000008001f20       0x1c ./Core/Src/rosserial.o
                0x0000000008001f20                rosserial_msgs::Log::getType()
 .text._ZN14rosserial_msgs3Log6getMD5Ev
                0x0000000008001f3c       0x1c ./Core/Src/rosserial.o
                0x0000000008001f3c                rosserial_msgs::Log::getMD5()
 .text._ZN14rosserial_msgs20RequestParamResponseC2Ev
                0x0000000008001f58       0x48 ./Core/Src/rosserial.o
                0x0000000008001f58                rosserial_msgs::RequestParamResponse::RequestParamResponse()
                0x0000000008001f58                rosserial_msgs::RequestParamResponse::RequestParamResponse()
 .text._ZNK14rosserial_msgs20RequestParamResponse9serializeEPh
                0x0000000008001fa0      0x222 ./Core/Src/rosserial.o
                0x0000000008001fa0                rosserial_msgs::RequestParamResponse::serialize(unsigned char*) const
 .text._ZN14rosserial_msgs20RequestParamResponse11deserializeEPh
                0x00000000080021c2      0x2e2 ./Core/Src/rosserial.o
                0x00000000080021c2                rosserial_msgs::RequestParamResponse::deserialize(unsigned char*)
 .text._ZN14rosserial_msgs20RequestParamResponse7getTypeEv
                0x00000000080024a4       0x1c ./Core/Src/rosserial.o
                0x00000000080024a4                rosserial_msgs::RequestParamResponse::getType()
 .text._ZN14rosserial_msgs20RequestParamResponse6getMD5Ev
                0x00000000080024c0       0x1c ./Core/Src/rosserial.o
                0x00000000080024c0                rosserial_msgs::RequestParamResponse::getMD5()
 .text._ZN3ros9PublisherC2EPKcPNS_3MsgEi
                0x00000000080024dc       0x2e ./Core/Src/rosserial.o
                0x00000000080024dc                ros::Publisher::Publisher(char const*, ros::Msg*, int)
                0x00000000080024dc                ros::Publisher::Publisher(char const*, ros::Msg*, int)
 .text._ZN3ros9Publisher7publishEPKNS_3MsgE
                0x000000000800250a       0x28 ./Core/Src/rosserial.o
                0x000000000800250a                ros::Publisher::publish(ros::Msg const*)
 .text._ZN3ros9Publisher15getEndpointTypeEv
                0x0000000008002532       0x18 ./Core/Src/rosserial.o
                0x0000000008002532                ros::Publisher::getEndpointType()
 *fill*         0x000000000800254a        0x2 
 .text._ZN13STM32Hardware10getRdmaIndEv
                0x000000000800254c      0x180 ./Core/Src/rosserial.o
                0x000000000800254c                STM32Hardware::getRdmaInd()
 .text._ZN13STM32HardwareC2Ev
                0x00000000080026cc       0x38 ./Core/Src/rosserial.o
                0x00000000080026cc                STM32Hardware::STM32Hardware()
                0x00000000080026cc                STM32Hardware::STM32Hardware()
 .text._ZN13STM32Hardware4initEv
                0x0000000008002704       0x16 ./Core/Src/rosserial.o
                0x0000000008002704                STM32Hardware::init()
 .text._ZN13STM32Hardware10reset_rbufEv
                0x000000000800271a       0x22 ./Core/Src/rosserial.o
                0x000000000800271a                STM32Hardware::reset_rbuf()
 .text._ZN13STM32Hardware4readEv
                0x000000000800273c       0x5a ./Core/Src/rosserial.o
                0x000000000800273c                STM32Hardware::read()
 *fill*         0x0000000008002796        0x2 
 .text._ZN13STM32Hardware5flushEv
                0x0000000008002798       0xbc ./Core/Src/rosserial.o
                0x0000000008002798                STM32Hardware::flush()
 .text._ZN13STM32Hardware5writeEPhi
                0x0000000008002854       0x8e ./Core/Src/rosserial.o
                0x0000000008002854                STM32Hardware::write(unsigned char*, int)
 .text._ZN13STM32Hardware4timeEv
                0x00000000080028e2       0x16 ./Core/Src/rosserial.o
                0x00000000080028e2                STM32Hardware::time()
 .text._ZN13geometry_msgs7Vector3C2Ev
                0x00000000080028f8       0x50 ./Core/Src/rosserial.o
                0x00000000080028f8                geometry_msgs::Vector3::Vector3()
                0x00000000080028f8                geometry_msgs::Vector3::Vector3()
 .text._ZNK13geometry_msgs7Vector39serializeEPh
                0x0000000008002948      0x2e6 ./Core/Src/rosserial.o
                0x0000000008002948                geometry_msgs::Vector3::serialize(unsigned char*) const
 .text._ZN13geometry_msgs7Vector311deserializeEPh
                0x0000000008002c2e      0x6be ./Core/Src/rosserial.o
                0x0000000008002c2e                geometry_msgs::Vector3::deserialize(unsigned char*)
 .text._ZN13geometry_msgs7Vector37getTypeEv
                0x00000000080032ec       0x1c ./Core/Src/rosserial.o
                0x00000000080032ec                geometry_msgs::Vector3::getType()
 .text._ZN13geometry_msgs7Vector36getMD5Ev
                0x0000000008003308       0x1c ./Core/Src/rosserial.o
                0x0000000008003308                geometry_msgs::Vector3::getMD5()
 .text._ZN13geometry_msgs5TwistC2Ev
                0x0000000008003324       0x38 ./Core/Src/rosserial.o
                0x0000000008003324                geometry_msgs::Twist::Twist()
                0x0000000008003324                geometry_msgs::Twist::Twist()
 .text._ZNK13geometry_msgs5Twist9serializeEPh
                0x000000000800335c       0x4c ./Core/Src/rosserial.o
                0x000000000800335c                geometry_msgs::Twist::serialize(unsigned char*) const
 .text._ZN13geometry_msgs5Twist11deserializeEPh
                0x00000000080033a8       0x4c ./Core/Src/rosserial.o
                0x00000000080033a8                geometry_msgs::Twist::deserialize(unsigned char*)
 .text._ZN13geometry_msgs5Twist7getTypeEv
                0x00000000080033f4       0x1c ./Core/Src/rosserial.o
                0x00000000080033f4                geometry_msgs::Twist::getType()
 .text._ZN13geometry_msgs5Twist6getMD5Ev
                0x0000000008003410       0x1c ./Core/Src/rosserial.o
                0x0000000008003410                geometry_msgs::Twist::getMD5()
 .text._Z12vel_callbackRKN13geometry_msgs5TwistE
                0x000000000800342c       0x44 ./Core/Src/rosserial.o
                0x000000000800342c                vel_callback(geometry_msgs::Twist const&)
 .text.HAL_UART_TxCpltCallback
                0x0000000008003470       0x24 ./Core/Src/rosserial.o
                0x0000000008003470                HAL_UART_TxCpltCallback
 .text.Rosserial_Init
                0x0000000008003494       0x2c ./Core/Src/rosserial.o
                0x0000000008003494                Rosserial_Init
 .text.Rosserial_Spin
                0x00000000080034c0       0x14 ./Core/Src/rosserial.o
                0x00000000080034c0                Rosserial_Spin
 .text.Rosserial_GetHardware
                0x00000000080034d4       0x1c ./Core/Src/rosserial.o
                0x00000000080034d4                Rosserial_GetHardware
 .text.odom_store
                0x00000000080034f0       0x3c ./Core/Src/rosserial.o
                0x00000000080034f0                odom_store
 .text.odom_publish
                0x000000000800352c       0x24 ./Core/Src/rosserial.o
                0x000000000800352c                odom_publish
 .text._ZN3ros3Msg8varToArrIPhmEEvT_T0_
                0x0000000008003550       0x3c ./Core/Src/rosserial.o
                0x0000000008003550                void ros::Msg::varToArr<unsigned char*, unsigned long>(unsigned char*, unsigned long)
 .text._ZN3ros3Msg8arrToVarImPhEEvRT_T0_
                0x000000000800358c       0x4a ./Core/Src/rosserial.o
                0x000000000800358c                void ros::Msg::arrToVar<unsigned long, unsigned char*>(unsigned long&, unsigned char*)
 *fill*         0x00000000080035d6        0x2 
 .text._ZN3ros15NodeHandleBase_C2Ev
                0x00000000080035d8       0x20 ./Core/Src/rosserial.o
                0x00000000080035d8                ros::NodeHandleBase_::NodeHandleBase_()
                0x00000000080035d8                ros::NodeHandleBase_::NodeHandleBase_()
 .text._ZN3ros11NodeHandle_I13STM32HardwareLi25ELi25ELi1024ELi1024EEC2Ev
                0x00000000080035f8      0x12c ./Core/Src/rosserial.o
                0x00000000080035f8                ros::NodeHandle_<STM32Hardware, 25, 25, 1024, 1024>::NodeHandle_()
                0x00000000080035f8                ros::NodeHandle_<STM32Hardware, 25, 25, 1024, 1024>::NodeHandle_()
 .text._ZN3ros11Subscriber_C2Ev
                0x0000000008003724       0x20 ./Core/Src/rosserial.o
                0x0000000008003724                ros::Subscriber_::Subscriber_()
                0x0000000008003724                ros::Subscriber_::Subscriber_()
 .text._ZN3ros10SubscriberIN13geometry_msgs5TwistEvEC2EPKcPFvRKS2_Ei
                0x0000000008003744       0x48 ./Core/Src/rosserial.o
                0x0000000008003744                ros::Subscriber<geometry_msgs::Twist, void>::Subscriber(char const*, void (*)(geometry_msgs::Twist const&), int)
                0x0000000008003744                ros::Subscriber<geometry_msgs::Twist, void>::Subscriber(char const*, void (*)(geometry_msgs::Twist const&), int)
 .text._ZN3ros11NodeHandle_I13STM32HardwareLi25ELi25ELi1024ELi1024EE11getHardwareEv
                0x000000000800378c       0x18 ./Core/Src/rosserial.o
                0x000000000800378c                ros::NodeHandle_<STM32Hardware, 25, 25, 1024, 1024>::getHardware()
 .text._ZN3ros11NodeHandle_I13STM32HardwareLi25ELi25ELi1024ELi1024EE8initNodeEv
                0x00000000080037a4       0x52 ./Core/Src/rosserial.o
                0x00000000080037a4                ros::NodeHandle_<STM32Hardware, 25, 25, 1024, 1024>::initNode()
 .text._ZN3ros11NodeHandle_I13STM32HardwareLi25ELi25ELi1024ELi1024EE9advertiseERNS_9PublisherE
                0x00000000080037f6       0x5c ./Core/Src/rosserial.o
                0x00000000080037f6                ros::NodeHandle_<STM32Hardware, 25, 25, 1024, 1024>::advertise(ros::Publisher&)
 .text._ZN3ros11NodeHandle_I13STM32HardwareLi25ELi25ELi1024ELi1024EE9subscribeINS_10SubscriberIN13geometry_msgs5TwistEvEEEEbRT_
                0x0000000008003852       0x5a ./Core/Src/rosserial.o
                0x0000000008003852                bool ros::NodeHandle_<STM32Hardware, 25, 25, 1024, 1024>::subscribe<ros::Subscriber<geometry_msgs::Twist, void> >(ros::Subscriber<geometry_msgs::Twist, void>&)
 .text._ZN3ros11NodeHandle_I13STM32HardwareLi25ELi25ELi1024ELi1024EE8spinOnceEv
                0x00000000080038ac      0x4e2 ./Core/Src/rosserial.o
                0x00000000080038ac                ros::NodeHandle_<STM32Hardware, 25, 25, 1024, 1024>::spinOnce()
 .text._ZN3ros11NodeHandle_I13STM32HardwareLi25ELi25ELi1024ELi1024EE15requestSyncTimeEv
                0x0000000008003d8e       0x3c ./Core/Src/rosserial.o
                0x0000000008003d8e                ros::NodeHandle_<STM32Hardware, 25, 25, 1024, 1024>::requestSyncTime()
 .text._ZN3ros11NodeHandle_I13STM32HardwareLi25ELi25ELi1024ELi1024EE15negotiateTopicsEv
                0x0000000008003dca      0x1c4 ./Core/Src/rosserial.o
                0x0000000008003dca                ros::NodeHandle_<STM32Hardware, 25, 25, 1024, 1024>::negotiateTopics()
 *fill*         0x0000000008003f8e        0x2 
 .text._ZN3ros11NodeHandle_I13STM32HardwareLi25ELi25ELi1024ELi1024EE8syncTimeEPh
                0x0000000008003f90       0x9c ./Core/Src/rosserial.o
                0x0000000008003f90                ros::NodeHandle_<STM32Hardware, 25, 25, 1024, 1024>::syncTime(unsigned char*)
 .text._ZN3ros11NodeHandle_I13STM32HardwareLi25ELi25ELi1024ELi1024EE7publishEiPKNS_3MsgE
                0x000000000800402c      0x12c ./Core/Src/rosserial.o
                0x000000000800402c                ros::NodeHandle_<STM32Hardware, 25, 25, 1024, 1024>::publish(int, ros::Msg const*)
 .text._ZN3ros11NodeHandle_I13STM32HardwareLi25ELi25ELi1024ELi1024EE6setNowERNS_4TimeE
                0x0000000008004158       0x80 ./Core/Src/rosserial.o
                0x0000000008004158                ros::NodeHandle_<STM32Hardware, 25, 25, 1024, 1024>::setNow(ros::Time&)
 .text._ZN3ros11NodeHandle_I13STM32HardwareLi25ELi25ELi1024ELi1024EE8logerrorEPKc
                0x00000000080041d8       0x1c ./Core/Src/rosserial.o
                0x00000000080041d8                ros::NodeHandle_<STM32Hardware, 25, 25, 1024, 1024>::logerror(char const*)
 .text._ZN3ros11NodeHandle_I13STM32HardwareLi25ELi25ELi1024ELi1024EE3logEcPKc
                0x00000000080041f4       0x38 ./Core/Src/rosserial.o
                0x00000000080041f4                ros::NodeHandle_<STM32Hardware, 25, 25, 1024, 1024>::log(char, char const*)
 .text._Z41__static_initialization_and_destruction_0ii
                0x000000000800422c       0x64 ./Core/Src/rosserial.o
 .text._ZN3ros10SubscriberIN13geometry_msgs5TwistEvE8callbackEPh
                0x0000000008004290       0x2a ./Core/Src/rosserial.o
                0x0000000008004290                ros::Subscriber<geometry_msgs::Twist, void>::callback(unsigned char*)
 .text._ZN3ros10SubscriberIN13geometry_msgs5TwistEvE15getEndpointTypeEv
                0x00000000080042ba       0x18 ./Core/Src/rosserial.o
                0x00000000080042ba                ros::Subscriber<geometry_msgs::Twist, void>::getEndpointType()
 .text._ZN3ros10SubscriberIN13geometry_msgs5TwistEvE10getMsgTypeEv
                0x00000000080042d2       0x1c ./Core/Src/rosserial.o
                0x00000000080042d2                ros::Subscriber<geometry_msgs::Twist, void>::getMsgType()
 .text._ZN3ros10SubscriberIN13geometry_msgs5TwistEvE9getMsgMD5Ev
                0x00000000080042ee       0x1c ./Core/Src/rosserial.o
                0x00000000080042ee                ros::Subscriber<geometry_msgs::Twist, void>::getMsgMD5()
 .text._ZN3ros11NodeHandle_I13STM32HardwareLi25ELi25ELi1024ELi1024EE9connectedEv
                0x000000000800430a       0x1e ./Core/Src/rosserial.o
                0x000000000800430a                ros::NodeHandle_<STM32Hardware, 25, 25, 1024, 1024>::connected()
 .text._GLOBAL__sub_I__Z12vel_callbackRKN13geometry_msgs5TwistE
                0x0000000008004328       0x10 ./Core/Src/rosserial.o
 .text.HAL_MspInit
                0x0000000008004338       0x34 ./Core/Src/stm32h7xx_hal_msp.o
                0x0000000008004338                HAL_MspInit
 .text.NMI_Handler
                0x000000000800436c        0x6 ./Core/Src/stm32h7xx_it.o
                0x000000000800436c                NMI_Handler
 .text.HardFault_Handler
                0x0000000008004372        0x6 ./Core/Src/stm32h7xx_it.o
                0x0000000008004372                HardFault_Handler
 .text.MemManage_Handler
                0x0000000008004378        0x6 ./Core/Src/stm32h7xx_it.o
                0x0000000008004378                MemManage_Handler
 .text.BusFault_Handler
                0x000000000800437e        0x6 ./Core/Src/stm32h7xx_it.o
                0x000000000800437e                BusFault_Handler
 .text.UsageFault_Handler
                0x0000000008004384        0x6 ./Core/Src/stm32h7xx_it.o
                0x0000000008004384                UsageFault_Handler
 .text.SVC_Handler
                0x000000000800438a        0xe ./Core/Src/stm32h7xx_it.o
                0x000000000800438a                SVC_Handler
 .text.DebugMon_Handler
                0x0000000008004398        0xe ./Core/Src/stm32h7xx_it.o
                0x0000000008004398                DebugMon_Handler
 .text.PendSV_Handler
                0x00000000080043a6        0xe ./Core/Src/stm32h7xx_it.o
                0x00000000080043a6                PendSV_Handler
 .text.SysTick_Handler
                0x00000000080043b4        0xc ./Core/Src/stm32h7xx_it.o
                0x00000000080043b4                SysTick_Handler
 .text.DMA1_Stream0_IRQHandler
                0x00000000080043c0       0x14 ./Core/Src/stm32h7xx_it.o
                0x00000000080043c0                DMA1_Stream0_IRQHandler
 .text.DMA1_Stream1_IRQHandler
                0x00000000080043d4       0x14 ./Core/Src/stm32h7xx_it.o
                0x00000000080043d4                DMA1_Stream1_IRQHandler
 .text.TIM2_IRQHandler
                0x00000000080043e8       0x14 ./Core/Src/stm32h7xx_it.o
                0x00000000080043e8                TIM2_IRQHandler
 .text.TIM3_IRQHandler
                0x00000000080043fc       0x14 ./Core/Src/stm32h7xx_it.o
                0x00000000080043fc                TIM3_IRQHandler
 .text.TIM4_IRQHandler
                0x0000000008004410       0x14 ./Core/Src/stm32h7xx_it.o
                0x0000000008004410                TIM4_IRQHandler
 .text.USART1_IRQHandler
                0x0000000008004424       0x14 ./Core/Src/stm32h7xx_it.o
                0x0000000008004424                USART1_IRQHandler
 .text.TIM5_IRQHandler
                0x0000000008004438       0x14 ./Core/Src/stm32h7xx_it.o
                0x0000000008004438                TIM5_IRQHandler
 .text.TIM23_IRQHandler
                0x000000000800444c       0x14 ./Core/Src/stm32h7xx_it.o
                0x000000000800444c                TIM23_IRQHandler
 .text._getpid  0x0000000008004460       0x10 ./Core/Src/syscalls.o
                0x0000000008004460                _getpid
 .text._kill    0x0000000008004470       0x20 ./Core/Src/syscalls.o
                0x0000000008004470                _kill
 .text._exit    0x0000000008004490       0x14 ./Core/Src/syscalls.o
                0x0000000008004490                _exit
 .text._sbrk    0x00000000080044a4       0x6c ./Core/Src/sysmem.o
                0x00000000080044a4                _sbrk
 .text.SystemInit
                0x0000000008004510       0xf0 ./Core/Src/system_stm32h7xx.o
                0x0000000008004510                SystemInit
 .text.MX_TIM2_Init
                0x0000000008004600       0xa8 ./Core/Src/tim.o
                0x0000000008004600                MX_TIM2_Init
 .text.MX_TIM3_Init
                0x00000000080046a8       0xac ./Core/Src/tim.o
                0x00000000080046a8                MX_TIM3_Init
 .text.MX_TIM4_Init
                0x0000000008004754       0xac ./Core/Src/tim.o
                0x0000000008004754                MX_TIM4_Init
 .text.MX_TIM5_Init
                0x0000000008004800       0xac ./Core/Src/tim.o
                0x0000000008004800                MX_TIM5_Init
 .text.MX_TIM12_Init
                0x00000000080048ac       0xcc ./Core/Src/tim.o
                0x00000000080048ac                MX_TIM12_Init
 .text.MX_TIM15_Init
                0x0000000008004978      0x124 ./Core/Src/tim.o
                0x0000000008004978                MX_TIM15_Init
 .text.MX_TIM23_Init
                0x0000000008004a9c       0x9c ./Core/Src/tim.o
                0x0000000008004a9c                MX_TIM23_Init
 .text.HAL_TIM_Encoder_MspInit
                0x0000000008004b38      0x25c ./Core/Src/tim.o
                0x0000000008004b38                HAL_TIM_Encoder_MspInit
 .text.HAL_TIM_PWM_MspInit
                0x0000000008004d94       0x74 ./Core/Src/tim.o
                0x0000000008004d94                HAL_TIM_PWM_MspInit
 .text.HAL_TIM_Base_MspInit
                0x0000000008004e08       0x50 ./Core/Src/tim.o
                0x0000000008004e08                HAL_TIM_Base_MspInit
 .text.HAL_TIM_MspPostInit
                0x0000000008004e58       0xc8 ./Core/Src/tim.o
                0x0000000008004e58                HAL_TIM_MspPostInit
 .text.MX_USART1_UART_Init
                0x0000000008004f20       0x98 ./Core/Src/usart.o
                0x0000000008004f20                MX_USART1_UART_Init
 .text.HAL_UART_MspInit
                0x0000000008004fb8      0x1b0 ./Core/Src/usart.o
                0x0000000008004fb8                HAL_UART_MspInit
 .text.HAL_UART_MspDeInit
                0x0000000008005168       0x5c ./Core/Src/usart.o
                0x0000000008005168                HAL_UART_MspDeInit
 .text.Reset_Handler
                0x00000000080051c4       0x50 ./Core/Startup/startup_stm32h723zgtx.o
                0x00000000080051c4                Reset_Handler
 .text.Default_Handler
                0x0000000008005214        0x2 ./Core/Startup/startup_stm32h723zgtx.o
                0x0000000008005214                RTC_Alarm_IRQHandler
                0x0000000008005214                EXTI2_IRQHandler
                0x0000000008005214                TIM8_CC_IRQHandler
                0x0000000008005214                UART8_IRQHandler
                0x0000000008005214                SPI4_IRQHandler
                0x0000000008005214                FDCAN3_IT0_IRQHandler
                0x0000000008005214                TIM1_CC_IRQHandler
                0x0000000008005214                BDMA_Channel6_IRQHandler
                0x0000000008005214                DMA2_Stream5_IRQHandler
                0x0000000008005214                DMA1_Stream5_IRQHandler
                0x0000000008005214                CORDIC_IRQHandler
                0x0000000008005214                BDMA_Channel1_IRQHandler
                0x0000000008005214                TAMP_STAMP_IRQHandler
                0x0000000008005214                EXTI3_IRQHandler
                0x0000000008005214                LPTIM4_IRQHandler
                0x0000000008005214                TIM8_TRG_COM_TIM14_IRQHandler
                0x0000000008005214                LPTIM2_IRQHandler
                0x0000000008005214                DFSDM1_FLT1_IRQHandler
                0x0000000008005214                DMAMUX2_OVR_IRQHandler
                0x0000000008005214                TIM8_UP_TIM13_IRQHandler
                0x0000000008005214                I2C3_ER_IRQHandler
                0x0000000008005214                DFSDM1_FLT2_IRQHandler
                0x0000000008005214                I2C5_EV_IRQHandler
                0x0000000008005214                USART10_IRQHandler
                0x0000000008005214                MDMA_IRQHandler
                0x0000000008005214                LPTIM3_IRQHandler
                0x0000000008005214                HSEM1_IRQHandler
                0x0000000008005214                EXTI0_IRQHandler
                0x0000000008005214                I2C2_EV_IRQHandler
                0x0000000008005214                DMA1_Stream2_IRQHandler
                0x0000000008005214                FPU_IRQHandler
                0x0000000008005214                OTG_HS_WKUP_IRQHandler
                0x0000000008005214                FDCAN1_IT1_IRQHandler
                0x0000000008005214                LTDC_ER_IRQHandler
                0x0000000008005214                DMA2_Stream2_IRQHandler
                0x0000000008005214                SPI1_IRQHandler
                0x0000000008005214                OCTOSPI1_IRQHandler
                0x0000000008005214                TIM6_DAC_IRQHandler
                0x0000000008005214                DMA2_Stream3_IRQHandler
                0x0000000008005214                OCTOSPI2_IRQHandler
                0x0000000008005214                DFSDM1_FLT3_IRQHandler
                0x0000000008005214                USART6_IRQHandler
                0x0000000008005214                TIM17_IRQHandler
                0x0000000008005214                USART3_IRQHandler
                0x0000000008005214                BDMA_Channel7_IRQHandler
                0x0000000008005214                LPTIM5_IRQHandler
                0x0000000008005214                UART5_IRQHandler
                0x0000000008005214                ADC3_IRQHandler
                0x0000000008005214                DMA2_Stream0_IRQHandler
                0x0000000008005214                BDMA_Channel2_IRQHandler
                0x0000000008005214                I2C1_EV_IRQHandler
                0x0000000008005214                DMA1_Stream6_IRQHandler
                0x0000000008005214                DMAMUX1_OVR_IRQHandler
                0x0000000008005214                TIM16_IRQHandler
                0x0000000008005214                UART4_IRQHandler
                0x0000000008005214                BDMA_Channel5_IRQHandler
                0x0000000008005214                RCC_IRQHandler
                0x0000000008005214                UART9_IRQHandler
                0x0000000008005214                TIM8_BRK_TIM12_IRQHandler
                0x0000000008005214                TIM1_TRG_COM_IRQHandler
                0x0000000008005214                Default_Handler
                0x0000000008005214                ECC_IRQHandler
                0x0000000008005214                FMAC_IRQHandler
                0x0000000008005214                CEC_IRQHandler
                0x0000000008005214                EXTI15_10_IRQHandler
                0x0000000008005214                BDMA_Channel0_IRQHandler
                0x0000000008005214                ADC_IRQHandler
                0x0000000008005214                I2C5_ER_IRQHandler
                0x0000000008005214                DMA1_Stream7_IRQHandler
                0x0000000008005214                SPI5_IRQHandler
                0x0000000008005214                TIM7_IRQHandler
                0x0000000008005214                FDCAN3_IT1_IRQHandler
                0x0000000008005214                SDMMC1_IRQHandler
                0x0000000008005214                DMA2_Stream7_IRQHandler
                0x0000000008005214                TIM15_IRQHandler
                0x0000000008005214                PVD_AVD_IRQHandler
                0x0000000008005214                I2C3_EV_IRQHandler
                0x0000000008005214                EXTI9_5_IRQHandler
                0x0000000008005214                RTC_WKUP_IRQHandler
                0x0000000008005214                LTDC_IRQHandler
                0x0000000008005214                ETH_WKUP_IRQHandler
                0x0000000008005214                SPDIF_RX_IRQHandler
                0x0000000008005214                SPI2_IRQHandler
                0x0000000008005214                OTG_HS_EP1_IN_IRQHandler
                0x0000000008005214                TIM24_IRQHandler
                0x0000000008005214                CRS_IRQHandler
                0x0000000008005214                EXTI4_IRQHandler
                0x0000000008005214                RNG_IRQHandler
                0x0000000008005214                FDCAN2_IT1_IRQHandler
                0x0000000008005214                ETH_IRQHandler
                0x0000000008005214                TIM1_UP_IRQHandler
                0x0000000008005214                BDMA_Channel4_IRQHandler
                0x0000000008005214                OTG_HS_EP1_OUT_IRQHandler
                0x0000000008005214                WWDG_IRQHandler
                0x0000000008005214                SPI6_IRQHandler
                0x0000000008005214                MDIOS_IRQHandler
                0x0000000008005214                I2C4_EV_IRQHandler
                0x0000000008005214                FDCAN2_IT0_IRQHandler
                0x0000000008005214                LPUART1_IRQHandler
                0x0000000008005214                FDCAN1_IT0_IRQHandler
                0x0000000008005214                OTG_HS_IRQHandler
                0x0000000008005214                DMA2D_IRQHandler
                0x0000000008005214                TIM1_BRK_IRQHandler
                0x0000000008005214                EXTI1_IRQHandler
                0x0000000008005214                SDMMC2_IRQHandler
                0x0000000008005214                BDMA_Channel3_IRQHandler
                0x0000000008005214                DTS_IRQHandler
                0x0000000008005214                UART7_IRQHandler
                0x0000000008005214                MDIOS_WKUP_IRQHandler
                0x0000000008005214                USART2_IRQHandler
                0x0000000008005214                DFSDM1_FLT0_IRQHandler
                0x0000000008005214                SAI4_IRQHandler
                0x0000000008005214                I2C2_ER_IRQHandler
                0x0000000008005214                DMA2_Stream1_IRQHandler
                0x0000000008005214                FLASH_IRQHandler
                0x0000000008005214                DMA2_Stream4_IRQHandler
                0x0000000008005214                SPI3_IRQHandler
                0x0000000008005214                WAKEUP_PIN_IRQHandler
                0x0000000008005214                DMA1_Stream4_IRQHandler
                0x0000000008005214                I2C1_ER_IRQHandler
                0x0000000008005214                FMC_IRQHandler
                0x0000000008005214                FDCAN_CAL_IRQHandler
                0x0000000008005214                SWPMI1_IRQHandler
                0x0000000008005214                COMP1_IRQHandler
                0x0000000008005214                LPTIM1_IRQHandler
                0x0000000008005214                DCMI_PSSI_IRQHandler
                0x0000000008005214                I2C4_ER_IRQHandler
                0x0000000008005214                DMA2_Stream6_IRQHandler
                0x0000000008005214                SAI1_IRQHandler
                0x0000000008005214                DMA1_Stream3_IRQHandler
 *fill*         0x0000000008005216        0x2 
 .text.HAL_Init
                0x0000000008005218       0x78 ./Drivers/STM32H7xx_HAL_Driver/Src/stm32h7xx_hal.o
                0x0000000008005218                HAL_Init
 .text.HAL_InitTick
                0x0000000008005290       0x6c ./Drivers/STM32H7xx_HAL_Driver/Src/stm32h7xx_hal.o
                0x0000000008005290                HAL_InitTick
 .text.HAL_IncTick
                0x00000000080052fc       0x28 ./Drivers/STM32H7xx_HAL_Driver/Src/stm32h7xx_hal.o
                0x00000000080052fc                HAL_IncTick
 .text.HAL_GetTick
                0x0000000008005324       0x18 ./Drivers/STM32H7xx_HAL_Driver/Src/stm32h7xx_hal.o
                0x0000000008005324                HAL_GetTick
 .text.__NVIC_SetPriorityGrouping
                0x000000000800533c       0x48 ./Drivers/STM32H7xx_HAL_Driver/Src/stm32h7xx_hal_cortex.o
 .text.__NVIC_GetPriorityGrouping
                0x0000000008005384       0x1c ./Drivers/STM32H7xx_HAL_Driver/Src/stm32h7xx_hal_cortex.o
 .text.__NVIC_EnableIRQ
                0x00000000080053a0       0x3c ./Drivers/STM32H7xx_HAL_Driver/Src/stm32h7xx_hal_cortex.o
 .text.__NVIC_DisableIRQ
                0x00000000080053dc       0x48 ./Drivers/STM32H7xx_HAL_Driver/Src/stm32h7xx_hal_cortex.o
 .text.__NVIC_SetPriority
                0x0000000008005424       0x54 ./Drivers/STM32H7xx_HAL_Driver/Src/stm32h7xx_hal_cortex.o
 .text.NVIC_EncodePriority
                0x0000000008005478       0x66 ./Drivers/STM32H7xx_HAL_Driver/Src/stm32h7xx_hal_cortex.o
 *fill*         0x00000000080054de        0x2 
 .text.SysTick_Config
                0x00000000080054e0       0x44 ./Drivers/STM32H7xx_HAL_Driver/Src/stm32h7xx_hal_cortex.o
 .text.HAL_NVIC_SetPriorityGrouping
                0x0000000008005524       0x16 ./Drivers/STM32H7xx_HAL_Driver/Src/stm32h7xx_hal_cortex.o
                0x0000000008005524                HAL_NVIC_SetPriorityGrouping
 .text.HAL_NVIC_SetPriority
                0x000000000800553a       0x34 ./Drivers/STM32H7xx_HAL_Driver/Src/stm32h7xx_hal_cortex.o
                0x000000000800553a                HAL_NVIC_SetPriority
 .text.HAL_NVIC_EnableIRQ
                0x000000000800556e       0x1c ./Drivers/STM32H7xx_HAL_Driver/Src/stm32h7xx_hal_cortex.o
                0x000000000800556e                HAL_NVIC_EnableIRQ
 .text.HAL_NVIC_DisableIRQ
                0x000000000800558a       0x1c ./Drivers/STM32H7xx_HAL_Driver/Src/stm32h7xx_hal_cortex.o
                0x000000000800558a                HAL_NVIC_DisableIRQ
 .text.HAL_SYSTICK_Config
                0x00000000080055a6       0x18 ./Drivers/STM32H7xx_HAL_Driver/Src/stm32h7xx_hal_cortex.o
                0x00000000080055a6                HAL_SYSTICK_Config
 *fill*         0x00000000080055be        0x2 
 .text.HAL_DMA_Init
                0x00000000080055c0      0x6b4 ./Drivers/STM32H7xx_HAL_Driver/Src/stm32h7xx_hal_dma.o
                0x00000000080055c0                HAL_DMA_Init
 .text.HAL_DMA_DeInit
                0x0000000008005c74      0x36c ./Drivers/STM32H7xx_HAL_Driver/Src/stm32h7xx_hal_dma.o
                0x0000000008005c74                HAL_DMA_DeInit
 .text.HAL_DMA_Start_IT
                0x0000000008005fe0      0x4d4 ./Drivers/STM32H7xx_HAL_Driver/Src/stm32h7xx_hal_dma.o
                0x0000000008005fe0                HAL_DMA_Start_IT
 .text.HAL_DMA_Abort
                0x00000000080064b4      0x63c ./Drivers/STM32H7xx_HAL_Driver/Src/stm32h7xx_hal_dma.o
                0x00000000080064b4                HAL_DMA_Abort
 .text.HAL_DMA_Abort_IT
                0x0000000008006af0      0x48c ./Drivers/STM32H7xx_HAL_Driver/Src/stm32h7xx_hal_dma.o
                0x0000000008006af0                HAL_DMA_Abort_IT
 .text.HAL_DMA_IRQHandler
                0x0000000008006f7c      0xe54 ./Drivers/STM32H7xx_HAL_Driver/Src/stm32h7xx_hal_dma.o
                0x0000000008006f7c                HAL_DMA_IRQHandler
 .text.DMA_SetConfig
                0x0000000008007dd0      0x358 ./Drivers/STM32H7xx_HAL_Driver/Src/stm32h7xx_hal_dma.o
 .text.DMA_CalcBaseAndBitshift
                0x0000000008008128      0x164 ./Drivers/STM32H7xx_HAL_Driver/Src/stm32h7xx_hal_dma.o
 .text.DMA_CheckFifoParam
                0x000000000800828c       0xf8 ./Drivers/STM32H7xx_HAL_Driver/Src/stm32h7xx_hal_dma.o
 .text.DMA_CalcDMAMUXChannelBaseAndMask
                0x0000000008008384      0x134 ./Drivers/STM32H7xx_HAL_Driver/Src/stm32h7xx_hal_dma.o
 .text.DMA_CalcDMAMUXRequestGenBaseAndMask
                0x00000000080084b8       0xe8 ./Drivers/STM32H7xx_HAL_Driver/Src/stm32h7xx_hal_dma.o
 .text.HAL_GPIO_Init
                0x00000000080085a0      0x350 ./Drivers/STM32H7xx_HAL_Driver/Src/stm32h7xx_hal_gpio.o
                0x00000000080085a0                HAL_GPIO_Init
 .text.HAL_GPIO_DeInit
                0x00000000080088f0      0x204 ./Drivers/STM32H7xx_HAL_Driver/Src/stm32h7xx_hal_gpio.o
                0x00000000080088f0                HAL_GPIO_DeInit
 .text.HAL_GPIO_WritePin
                0x0000000008008af4       0x32 ./Drivers/STM32H7xx_HAL_Driver/Src/stm32h7xx_hal_gpio.o
                0x0000000008008af4                HAL_GPIO_WritePin
 *fill*         0x0000000008008b26        0x2 
 .text.HAL_PWREx_ConfigSupply
                0x0000000008008b28       0x74 ./Drivers/STM32H7xx_HAL_Driver/Src/stm32h7xx_hal_pwr_ex.o
                0x0000000008008b28                HAL_PWREx_ConfigSupply
 .text.HAL_RCC_OscConfig
                0x0000000008008b9c      0x7b4 ./Drivers/STM32H7xx_HAL_Driver/Src/stm32h7xx_hal_rcc.o
                0x0000000008008b9c                HAL_RCC_OscConfig
 .text.HAL_RCC_ClockConfig
                0x0000000008009350      0x36c ./Drivers/STM32H7xx_HAL_Driver/Src/stm32h7xx_hal_rcc.o
                0x0000000008009350                HAL_RCC_ClockConfig
 .text.HAL_RCC_GetSysClockFreq
                0x00000000080096bc      0x2f4 ./Drivers/STM32H7xx_HAL_Driver/Src/stm32h7xx_hal_rcc.o
                0x00000000080096bc                HAL_RCC_GetSysClockFreq
 .text.HAL_RCC_GetHCLKFreq
                0x00000000080099b0       0x60 ./Drivers/STM32H7xx_HAL_Driver/Src/stm32h7xx_hal_rcc.o
                0x00000000080099b0                HAL_RCC_GetHCLKFreq
 .text.HAL_RCC_GetPCLK1Freq
                0x0000000008009a10       0x2c ./Drivers/STM32H7xx_HAL_Driver/Src/stm32h7xx_hal_rcc.o
                0x0000000008009a10                HAL_RCC_GetPCLK1Freq
 .text.HAL_RCC_GetPCLK2Freq
                0x0000000008009a3c       0x2c ./Drivers/STM32H7xx_HAL_Driver/Src/stm32h7xx_hal_rcc.o
                0x0000000008009a3c                HAL_RCC_GetPCLK2Freq
 .text.HAL_RCCEx_PeriphCLKConfig
                0x0000000008009a68     0x1340 ./Drivers/STM32H7xx_HAL_Driver/Src/stm32h7xx_hal_rcc_ex.o
                0x0000000008009a68                HAL_RCCEx_PeriphCLKConfig
 .text.HAL_RCCEx_GetD3PCLK1Freq
                0x000000000800ada8       0x2c ./Drivers/STM32H7xx_HAL_Driver/Src/stm32h7xx_hal_rcc_ex.o
                0x000000000800ada8                HAL_RCCEx_GetD3PCLK1Freq
 .text.HAL_RCCEx_GetPLL2ClockFreq
                0x000000000800add4      0x2a8 ./Drivers/STM32H7xx_HAL_Driver/Src/stm32h7xx_hal_rcc_ex.o
                0x000000000800add4                HAL_RCCEx_GetPLL2ClockFreq
 .text.HAL_RCCEx_GetPLL3ClockFreq
                0x000000000800b07c      0x2a8 ./Drivers/STM32H7xx_HAL_Driver/Src/stm32h7xx_hal_rcc_ex.o
                0x000000000800b07c                HAL_RCCEx_GetPLL3ClockFreq
 .text.RCCEx_PLL2_Config
                0x000000000800b324      0x164 ./Drivers/STM32H7xx_HAL_Driver/Src/stm32h7xx_hal_rcc_ex.o
 .text.RCCEx_PLL3_Config
                0x000000000800b488      0x164 ./Drivers/STM32H7xx_HAL_Driver/Src/stm32h7xx_hal_rcc_ex.o
 .text.HAL_TIM_Base_Init
                0x000000000800b5ec       0xae ./Drivers/STM32H7xx_HAL_Driver/Src/stm32h7xx_hal_tim.o
                0x000000000800b5ec                HAL_TIM_Base_Init
 *fill*         0x000000000800b69a        0x2 
 .text.HAL_TIM_Base_Start_IT
                0x000000000800b69c      0x10c ./Drivers/STM32H7xx_HAL_Driver/Src/stm32h7xx_hal_tim.o
                0x000000000800b69c                HAL_TIM_Base_Start_IT
 .text.HAL_TIM_PWM_Init
                0x000000000800b7a8       0xae ./Drivers/STM32H7xx_HAL_Driver/Src/stm32h7xx_hal_tim.o
                0x000000000800b7a8                HAL_TIM_PWM_Init
 *fill*         0x000000000800b856        0x2 
 .text.HAL_TIM_PWM_Start
                0x000000000800b858      0x238 ./Drivers/STM32H7xx_HAL_Driver/Src/stm32h7xx_hal_tim.o
                0x000000000800b858                HAL_TIM_PWM_Start
 .text.HAL_TIM_Encoder_Init
                0x000000000800ba90      0x14c ./Drivers/STM32H7xx_HAL_Driver/Src/stm32h7xx_hal_tim.o
                0x000000000800ba90                HAL_TIM_Encoder_Init
 .text.HAL_TIM_Encoder_Start
                0x000000000800bbdc      0x11c ./Drivers/STM32H7xx_HAL_Driver/Src/stm32h7xx_hal_tim.o
                0x000000000800bbdc                HAL_TIM_Encoder_Start
 .text.HAL_TIM_IRQHandler
                0x000000000800bcf8      0x23e ./Drivers/STM32H7xx_HAL_Driver/Src/stm32h7xx_hal_tim.o
                0x000000000800bcf8                HAL_TIM_IRQHandler
 *fill*         0x000000000800bf36        0x2 
 .text.HAL_TIM_PWM_ConfigChannel
                0x000000000800bf38      0x228 ./Drivers/STM32H7xx_HAL_Driver/Src/stm32h7xx_hal_tim.o
                0x000000000800bf38                HAL_TIM_PWM_ConfigChannel
 .text.HAL_TIM_ConfigClockSource
                0x000000000800c160      0x1f0 ./Drivers/STM32H7xx_HAL_Driver/Src/stm32h7xx_hal_tim.o
                0x000000000800c160                HAL_TIM_ConfigClockSource
 .text.HAL_TIM_OC_DelayElapsedCallback
                0x000000000800c350       0x14 ./Drivers/STM32H7xx_HAL_Driver/Src/stm32h7xx_hal_tim.o
                0x000000000800c350                HAL_TIM_OC_DelayElapsedCallback
 .text.HAL_TIM_IC_CaptureCallback
                0x000000000800c364       0x14 ./Drivers/STM32H7xx_HAL_Driver/Src/stm32h7xx_hal_tim.o
                0x000000000800c364                HAL_TIM_IC_CaptureCallback
 .text.HAL_TIM_PWM_PulseFinishedCallback
                0x000000000800c378       0x14 ./Drivers/STM32H7xx_HAL_Driver/Src/stm32h7xx_hal_tim.o
                0x000000000800c378                HAL_TIM_PWM_PulseFinishedCallback
 .text.HAL_TIM_TriggerCallback
                0x000000000800c38c       0x14 ./Drivers/STM32H7xx_HAL_Driver/Src/stm32h7xx_hal_tim.o
                0x000000000800c38c                HAL_TIM_TriggerCallback
 .text.TIM_Base_SetConfig
                0x000000000800c3a0      0x14c ./Drivers/STM32H7xx_HAL_Driver/Src/stm32h7xx_hal_tim.o
                0x000000000800c3a0                TIM_Base_SetConfig
 .text.TIM_OC1_SetConfig
                0x000000000800c4ec      0x120 ./Drivers/STM32H7xx_HAL_Driver/Src/stm32h7xx_hal_tim.o
 .text.TIM_OC2_SetConfig
                0x000000000800c60c      0x114 ./Drivers/STM32H7xx_HAL_Driver/Src/stm32h7xx_hal_tim.o
                0x000000000800c60c                TIM_OC2_SetConfig
 .text.TIM_OC3_SetConfig
                0x000000000800c720      0x110 ./Drivers/STM32H7xx_HAL_Driver/Src/stm32h7xx_hal_tim.o
 .text.TIM_OC4_SetConfig
                0x000000000800c830       0xd4 ./Drivers/STM32H7xx_HAL_Driver/Src/stm32h7xx_hal_tim.o
 .text.TIM_OC5_SetConfig
                0x000000000800c904       0xc8 ./Drivers/STM32H7xx_HAL_Driver/Src/stm32h7xx_hal_tim.o
 .text.TIM_OC6_SetConfig
                0x000000000800c9cc       0xcc ./Drivers/STM32H7xx_HAL_Driver/Src/stm32h7xx_hal_tim.o
 .text.TIM_TI1_ConfigInputStage
                0x000000000800ca98       0x5e ./Drivers/STM32H7xx_HAL_Driver/Src/stm32h7xx_hal_tim.o
 .text.TIM_TI2_ConfigInputStage
                0x000000000800caf6       0x60 ./Drivers/STM32H7xx_HAL_Driver/Src/stm32h7xx_hal_tim.o
 *fill*         0x000000000800cb56        0x2 
 .text.TIM_ITRx_SetConfig
                0x000000000800cb58       0x3c ./Drivers/STM32H7xx_HAL_Driver/Src/stm32h7xx_hal_tim.o
 .text.TIM_ETR_SetConfig
                0x000000000800cb94       0x40 ./Drivers/STM32H7xx_HAL_Driver/Src/stm32h7xx_hal_tim.o
                0x000000000800cb94                TIM_ETR_SetConfig
 .text.TIM_CCxChannelCmd
                0x000000000800cbd4       0x4a ./Drivers/STM32H7xx_HAL_Driver/Src/stm32h7xx_hal_tim.o
                0x000000000800cbd4                TIM_CCxChannelCmd
 *fill*         0x000000000800cc1e        0x2 
 .text.HAL_TIMEx_MasterConfigSynchronization
                0x000000000800cc20      0x138 ./Drivers/STM32H7xx_HAL_Driver/Src/stm32h7xx_hal_tim_ex.o
                0x000000000800cc20                HAL_TIMEx_MasterConfigSynchronization
 .text.HAL_TIMEx_ConfigBreakDeadTime
                0x000000000800cd58      0x140 ./Drivers/STM32H7xx_HAL_Driver/Src/stm32h7xx_hal_tim_ex.o
                0x000000000800cd58                HAL_TIMEx_ConfigBreakDeadTime
 .text.HAL_TIMEx_CommutCallback
                0x000000000800ce98       0x14 ./Drivers/STM32H7xx_HAL_Driver/Src/stm32h7xx_hal_tim_ex.o
                0x000000000800ce98                HAL_TIMEx_CommutCallback
 .text.HAL_TIMEx_BreakCallback
                0x000000000800ceac       0x14 ./Drivers/STM32H7xx_HAL_Driver/Src/stm32h7xx_hal_tim_ex.o
                0x000000000800ceac                HAL_TIMEx_BreakCallback
 .text.HAL_TIMEx_Break2Callback
                0x000000000800cec0       0x14 ./Drivers/STM32H7xx_HAL_Driver/Src/stm32h7xx_hal_tim_ex.o
                0x000000000800cec0                HAL_TIMEx_Break2Callback
 .text.HAL_UART_Init
                0x000000000800ced4       0xa0 ./Drivers/STM32H7xx_HAL_Driver/Src/stm32h7xx_hal_uart.o
                0x000000000800ced4                HAL_UART_Init
 .text.HAL_UART_DeInit
                0x000000000800cf74       0x7e ./Drivers/STM32H7xx_HAL_Driver/Src/stm32h7xx_hal_uart.o
                0x000000000800cf74                HAL_UART_DeInit
 *fill*         0x000000000800cff2        0x2 
 .text.HAL_UART_Transmit_DMA
                0x000000000800cff4      0x100 ./Drivers/STM32H7xx_HAL_Driver/Src/stm32h7xx_hal_uart.o
                0x000000000800cff4                HAL_UART_Transmit_DMA
 .text.HAL_UART_Receive_DMA
                0x000000000800d0f4       0x98 ./Drivers/STM32H7xx_HAL_Driver/Src/stm32h7xx_hal_uart.o
                0x000000000800d0f4                HAL_UART_Receive_DMA
 .text.HAL_UART_IRQHandler
                0x000000000800d18c      0x774 ./Drivers/STM32H7xx_HAL_Driver/Src/stm32h7xx_hal_uart.o
                0x000000000800d18c                HAL_UART_IRQHandler
 .text.HAL_UART_TxHalfCpltCallback
                0x000000000800d900       0x14 ./Drivers/STM32H7xx_HAL_Driver/Src/stm32h7xx_hal_uart.o
                0x000000000800d900                HAL_UART_TxHalfCpltCallback
 .text.HAL_UART_RxCpltCallback
                0x000000000800d914       0x14 ./Drivers/STM32H7xx_HAL_Driver/Src/stm32h7xx_hal_uart.o
                0x000000000800d914                HAL_UART_RxCpltCallback
 .text.HAL_UART_RxHalfCpltCallback
                0x000000000800d928       0x14 ./Drivers/STM32H7xx_HAL_Driver/Src/stm32h7xx_hal_uart.o
                0x000000000800d928                HAL_UART_RxHalfCpltCallback
 .text.HAL_UARTEx_RxEventCallback
                0x000000000800d93c       0x18 ./Drivers/STM32H7xx_HAL_Driver/Src/stm32h7xx_hal_uart.o
                0x000000000800d93c                HAL_UARTEx_RxEventCallback
 .text.UART_SetConfig
                0x000000000800d954      0xcd8 ./Drivers/STM32H7xx_HAL_Driver/Src/stm32h7xx_hal_uart.o
                0x000000000800d954                UART_SetConfig
 .text.UART_AdvFeatureConfig
                0x000000000800e62c      0x144 ./Drivers/STM32H7xx_HAL_Driver/Src/stm32h7xx_hal_uart.o
                0x000000000800e62c                UART_AdvFeatureConfig
 .text.UART_CheckIdleState
                0x000000000800e770      0x154 ./Drivers/STM32H7xx_HAL_Driver/Src/stm32h7xx_hal_uart.o
                0x000000000800e770                UART_CheckIdleState
 .text.UART_WaitOnFlagUntilTimeout
                0x000000000800e8c4       0xce ./Drivers/STM32H7xx_HAL_Driver/Src/stm32h7xx_hal_uart.o
                0x000000000800e8c4                UART_WaitOnFlagUntilTimeout
 *fill*         0x000000000800e992        0x2 
 .text.UART_Start_Receive_DMA
                0x000000000800e994      0x14c ./Drivers/STM32H7xx_HAL_Driver/Src/stm32h7xx_hal_uart.o
                0x000000000800e994                UART_Start_Receive_DMA
 .text.UART_EndTxTransfer
                0x000000000800eae0       0x82 ./Drivers/STM32H7xx_HAL_Driver/Src/stm32h7xx_hal_uart.o
 *fill*         0x000000000800eb62        0x2 
 .text.UART_EndRxTransfer
                0x000000000800eb64       0xcc ./Drivers/STM32H7xx_HAL_Driver/Src/stm32h7xx_hal_uart.o
 .text.UART_DMATransmitCplt
                0x000000000800ec30       0x96 ./Drivers/STM32H7xx_HAL_Driver/Src/stm32h7xx_hal_uart.o
 .text.UART_DMATxHalfCplt
                0x000000000800ecc6       0x1c ./Drivers/STM32H7xx_HAL_Driver/Src/stm32h7xx_hal_uart.o
 .text.UART_DMAReceiveCplt
                0x000000000800ece2      0x128 ./Drivers/STM32H7xx_HAL_Driver/Src/stm32h7xx_hal_uart.o
 .text.UART_DMARxHalfCplt
                0x000000000800ee0a       0x3e ./Drivers/STM32H7xx_HAL_Driver/Src/stm32h7xx_hal_uart.o
 .text.UART_DMAError
                0x000000000800ee48       0x80 ./Drivers/STM32H7xx_HAL_Driver/Src/stm32h7xx_hal_uart.o
 .text.UART_DMAAbortOnError
                0x000000000800eec8       0x2c ./Drivers/STM32H7xx_HAL_Driver/Src/stm32h7xx_hal_uart.o
 .text.UART_EndTransmit_IT
                0x000000000800eef4       0x56 ./Drivers/STM32H7xx_HAL_Driver/Src/stm32h7xx_hal_uart.o
 .text.HAL_UARTEx_WakeupCallback
                0x000000000800ef4a       0x14 ./Drivers/STM32H7xx_HAL_Driver/Src/stm32h7xx_hal_uart_ex.o
                0x000000000800ef4a                HAL_UARTEx_WakeupCallback
 .text.HAL_UARTEx_RxFifoFullCallback
                0x000000000800ef5e       0x14 ./Drivers/STM32H7xx_HAL_Driver/Src/stm32h7xx_hal_uart_ex.o
                0x000000000800ef5e                HAL_UARTEx_RxFifoFullCallback
 .text.HAL_UARTEx_TxFifoEmptyCallback
                0x000000000800ef72       0x14 ./Drivers/STM32H7xx_HAL_Driver/Src/stm32h7xx_hal_uart_ex.o
                0x000000000800ef72                HAL_UARTEx_TxFifoEmptyCallback
 .text.HAL_UARTEx_DisableFifoMode
                0x000000000800ef86       0x72 ./Drivers/STM32H7xx_HAL_Driver/Src/stm32h7xx_hal_uart_ex.o
                0x000000000800ef86                HAL_UARTEx_DisableFifoMode
 .text.HAL_UARTEx_SetTxFifoThreshold
                0x000000000800eff8       0x7c ./Drivers/STM32H7xx_HAL_Driver/Src/stm32h7xx_hal_uart_ex.o
                0x000000000800eff8                HAL_UARTEx_SetTxFifoThreshold
 .text.HAL_UARTEx_SetRxFifoThreshold
                0x000000000800f074       0x7c ./Drivers/STM32H7xx_HAL_Driver/Src/stm32h7xx_hal_uart_ex.o
                0x000000000800f074                HAL_UARTEx_SetRxFifoThreshold
 .text.UARTEx_SetNbDataToProcess
                0x000000000800f0f0       0x9c ./Drivers/STM32H7xx_HAL_Driver/Src/stm32h7xx_hal_uart_ex.o
 .text.__cxa_pure_virtual
                0x000000000800f18c        0x6 c:/st/stm32cubeide_1.7.0/stm32cubeide/plugins/com.st.stm32cube.ide.mcu.externaltools.gnu-tools-for-stm32.10.3-2021.10.win32_1.0.200.202301161003/tools/bin/../lib/gcc/arm-none-eabi/10.3.1/../../../../arm-none-eabi/lib/thumb/v7e-m+dp/hard\libstdc++_nano.a(pure.o)
                0x000000000800f18c                __cxa_pure_virtual
 .text._ZN10__cxxabiv111__terminateEPFvvE
                0x000000000800f192        0x8 c:/st/stm32cubeide_1.7.0/stm32cubeide/plugins/com.st.stm32cube.ide.mcu.externaltools.gnu-tools-for-stm32.10.3-2021.10.win32_1.0.200.202301161003/tools/bin/../lib/gcc/arm-none-eabi/10.3.1/../../../../arm-none-eabi/lib/thumb/v7e-m+dp/hard\libstdc++_nano.a(eh_terminate.o)
                0x000000000800f192                __cxxabiv1::__terminate(void (*)())
 *fill*         0x000000000800f19a        0x2 
 .text._ZSt13get_terminatev
                0x000000000800f19c       0x10 c:/st/stm32cubeide_1.7.0/stm32cubeide/plugins/com.st.stm32cube.ide.mcu.externaltools.gnu-tools-for-stm32.10.3-2021.10.win32_1.0.200.202301161003/tools/bin/../lib/gcc/arm-none-eabi/10.3.1/../../../../arm-none-eabi/lib/thumb/v7e-m+dp/hard\libstdc++_nano.a(eh_terminate.o)
                0x000000000800f19c                std::get_terminate()
 .text._ZSt9terminatev
                0x000000000800f1ac        0xa c:/st/stm32cubeide_1.7.0/stm32cubeide/plugins/com.st.stm32cube.ide.mcu.externaltools.gnu-tools-for-stm32.10.3-2021.10.win32_1.0.200.202301161003/tools/bin/../lib/gcc/arm-none-eabi/10.3.1/../../../../arm-none-eabi/lib/thumb/v7e-m+dp/hard\libstdc++_nano.a(eh_terminate.o)
                0x000000000800f1ac                std::terminate()
 .text.abort    0x000000000800f1b6        0xe c:/st/stm32cubeide_1.7.0/stm32cubeide/plugins/com.st.stm32cube.ide.mcu.externaltools.gnu-tools-for-stm32.10.3-2021.10.win32_1.0.200.202301161003/tools/bin/../lib/gcc/arm-none-eabi/10.3.1/../../../../arm-none-eabi/lib/thumb/v7e-m+dp/hard\libc_nano.a(lib_a-abort.o)
                0x000000000800f1b6                abort
 .text.__errno  0x000000000800f1c4        0xc c:/st/stm32cubeide_1.7.0/stm32cubeide/plugins/com.st.stm32cube.ide.mcu.externaltools.gnu-tools-for-stm32.10.3-2021.10.win32_1.0.200.202301161003/tools/bin/../lib/gcc/arm-none-eabi/10.3.1/../../../../arm-none-eabi/lib/thumb/v7e-m+dp/hard\libc_nano.a(lib_a-errno.o)
                0x000000000800f1c4                __errno
 .text.__libc_init_array
                0x000000000800f1d0       0x48 c:/st/stm32cubeide_1.7.0/stm32cubeide/plugins/com.st.stm32cube.ide.mcu.externaltools.gnu-tools-for-stm32.10.3-2021.10.win32_1.0.200.202301161003/tools/bin/../lib/gcc/arm-none-eabi/10.3.1/../../../../arm-none-eabi/lib/thumb/v7e-m+dp/hard\libc_nano.a(lib_a-init.o)
                0x000000000800f1d0                __libc_init_array
 .text.memcpy   0x000000000800f218       0x1c c:/st/stm32cubeide_1.7.0/stm32cubeide/plugins/com.st.stm32cube.ide.mcu.externaltools.gnu-tools-for-stm32.10.3-2021.10.win32_1.0.200.202301161003/tools/bin/../lib/gcc/arm-none-eabi/10.3.1/../../../../arm-none-eabi/lib/thumb/v7e-m+dp/hard\libc_nano.a(lib_a-memcpy-stub.o)
                0x000000000800f218                memcpy
 .text.memset   0x000000000800f234       0x10 c:/st/stm32cubeide_1.7.0/stm32cubeide/plugins/com.st.stm32cube.ide.mcu.externaltools.gnu-tools-for-stm32.10.3-2021.10.win32_1.0.200.202301161003/tools/bin/../lib/gcc/arm-none-eabi/10.3.1/../../../../arm-none-eabi/lib/thumb/v7e-m+dp/hard\libc_nano.a(lib_a-memset.o)
                0x000000000800f234                memset
 .text.realloc  0x000000000800f244       0x10 c:/st/stm32cubeide_1.7.0/stm32cubeide/plugins/com.st.stm32cube.ide.mcu.externaltools.gnu-tools-for-stm32.10.3-2021.10.win32_1.0.200.202301161003/tools/bin/../lib/gcc/arm-none-eabi/10.3.1/../../../../arm-none-eabi/lib/thumb/v7e-m+dp/hard\libc_nano.a(lib_a-realloc.o)
                0x000000000800f244                realloc
 .text._raise_r
                0x000000000800f254       0x50 c:/st/stm32cubeide_1.7.0/stm32cubeide/plugins/com.st.stm32cube.ide.mcu.externaltools.gnu-tools-for-stm32.10.3-2021.10.win32_1.0.200.202301161003/tools/bin/../lib/gcc/arm-none-eabi/10.3.1/../../../../arm-none-eabi/lib/thumb/v7e-m+dp/hard\libc_nano.a(lib_a-signal.o)
                0x000000000800f254                _raise_r
 .text.raise    0x000000000800f2a4       0x10 c:/st/stm32cubeide_1.7.0/stm32cubeide/plugins/com.st.stm32cube.ide.mcu.externaltools.gnu-tools-for-stm32.10.3-2021.10.win32_1.0.200.202301161003/tools/bin/../lib/gcc/arm-none-eabi/10.3.1/../../../../arm-none-eabi/lib/thumb/v7e-m+dp/hard\libc_nano.a(lib_a-signal.o)
                0x000000000800f2a4                raise
 .text._kill_r  0x000000000800f2b4       0x24 c:/st/stm32cubeide_1.7.0/stm32cubeide/plugins/com.st.stm32cube.ide.mcu.externaltools.gnu-tools-for-stm32.10.3-2021.10.win32_1.0.200.202301161003/tools/bin/../lib/gcc/arm-none-eabi/10.3.1/../../../../arm-none-eabi/lib/thumb/v7e-m+dp/hard\libc_nano.a(lib_a-signalr.o)
                0x000000000800f2b4                _kill_r
 .text._getpid_r
                0x000000000800f2d8        0x4 c:/st/stm32cubeide_1.7.0/stm32cubeide/plugins/com.st.stm32cube.ide.mcu.externaltools.gnu-tools-for-stm32.10.3-2021.10.win32_1.0.200.202301161003/tools/bin/../lib/gcc/arm-none-eabi/10.3.1/../../../../arm-none-eabi/lib/thumb/v7e-m+dp/hard\libc_nano.a(lib_a-signalr.o)
                0x000000000800f2d8                _getpid_r
 .text.sbrk_aligned
                0x000000000800f2dc       0x40 c:/st/stm32cubeide_1.7.0/stm32cubeide/plugins/com.st.stm32cube.ide.mcu.externaltools.gnu-tools-for-stm32.10.3-2021.10.win32_1.0.200.202301161003/tools/bin/../lib/gcc/arm-none-eabi/10.3.1/../../../../arm-none-eabi/lib/thumb/v7e-m+dp/hard\libc_nano.a(lib_a-nano-mallocr.o)
 .text._malloc_r
                0x000000000800f31c       0xe8 c:/st/stm32cubeide_1.7.0/stm32cubeide/plugins/com.st.stm32cube.ide.mcu.externaltools.gnu-tools-for-stm32.10.3-2021.10.win32_1.0.200.202301161003/tools/bin/../lib/gcc/arm-none-eabi/10.3.1/../../../../arm-none-eabi/lib/thumb/v7e-m+dp/hard\libc_nano.a(lib_a-nano-mallocr.o)
                0x000000000800f31c                _malloc_r
 .text._realloc_r
                0x000000000800f404       0x5e c:/st/stm32cubeide_1.7.0/stm32cubeide/plugins/com.st.stm32cube.ide.mcu.externaltools.gnu-tools-for-stm32.10.3-2021.10.win32_1.0.200.202301161003/tools/bin/../lib/gcc/arm-none-eabi/10.3.1/../../../../arm-none-eabi/lib/thumb/v7e-m+dp/hard\libc_nano.a(lib_a-nano-reallocr.o)
                0x000000000800f404                _realloc_r
 *fill*         0x000000000800f462        0x2 
 .text._sbrk_r  0x000000000800f464       0x20 c:/st/stm32cubeide_1.7.0/stm32cubeide/plugins/com.st.stm32cube.ide.mcu.externaltools.gnu-tools-for-stm32.10.3-2021.10.win32_1.0.200.202301161003/tools/bin/../lib/gcc/arm-none-eabi/10.3.1/../../../../arm-none-eabi/lib/thumb/v7e-m+dp/hard\libc_nano.a(lib_a-sbrkr.o)
                0x000000000800f464                _sbrk_r
 .text.__malloc_lock
                0x000000000800f484        0xc c:/st/stm32cubeide_1.7.0/stm32cubeide/plugins/com.st.stm32cube.ide.mcu.externaltools.gnu-tools-for-stm32.10.3-2021.10.win32_1.0.200.202301161003/tools/bin/../lib/gcc/arm-none-eabi/10.3.1/../../../../arm-none-eabi/lib/thumb/v7e-m+dp/hard\libc_nano.a(lib_a-mlock.o)
                0x000000000800f484                __malloc_lock
 .text.__malloc_unlock
                0x000000000800f490        0xc c:/st/stm32cubeide_1.7.0/stm32cubeide/plugins/com.st.stm32cube.ide.mcu.externaltools.gnu-tools-for-stm32.10.3-2021.10.win32_1.0.200.202301161003/tools/bin/../lib/gcc/arm-none-eabi/10.3.1/../../../../arm-none-eabi/lib/thumb/v7e-m+dp/hard\libc_nano.a(lib_a-mlock.o)
                0x000000000800f490                __malloc_unlock
 .text._free_r  0x000000000800f49c       0x98 c:/st/stm32cubeide_1.7.0/stm32cubeide/plugins/com.st.stm32cube.ide.mcu.externaltools.gnu-tools-for-stm32.10.3-2021.10.win32_1.0.200.202301161003/tools/bin/../lib/gcc/arm-none-eabi/10.3.1/../../../../arm-none-eabi/lib/thumb/v7e-m+dp/hard\libc_nano.a(lib_a-nano-freer.o)
                0x000000000800f49c                _free_r
 .text._malloc_usable_size_r
                0x000000000800f534       0x10 c:/st/stm32cubeide_1.7.0/stm32cubeide/plugins/com.st.stm32cube.ide.mcu.externaltools.gnu-tools-for-stm32.10.3-2021.10.win32_1.0.200.202301161003/tools/bin/../lib/gcc/arm-none-eabi/10.3.1/../../../../arm-none-eabi/lib/thumb/v7e-m+dp/hard\libc_nano.a(lib_a-nano-msizer.o)
                0x000000000800f534                _malloc_usable_size_r
 .text.__retarget_lock_acquire_recursive
                0x000000000800f544        0x2 c:/st/stm32cubeide_1.7.0/stm32cubeide/plugins/com.st.stm32cube.ide.mcu.externaltools.gnu-tools-for-stm32.10.3-2021.10.win32_1.0.200.202301161003/tools/bin/../lib/gcc/arm-none-eabi/10.3.1/../../../../arm-none-eabi/lib/thumb/v7e-m+dp/hard\libc_nano.a(lib_a-lock.o)
                0x000000000800f544                __retarget_lock_acquire_recursive
 .text.__retarget_lock_release_recursive
                0x000000000800f546        0x2 c:/st/stm32cubeide_1.7.0/stm32cubeide/plugins/com.st.stm32cube.ide.mcu.externaltools.gnu-tools-for-stm32.10.3-2021.10.win32_1.0.200.202301161003/tools/bin/../lib/gcc/arm-none-eabi/10.3.1/../../../../arm-none-eabi/lib/thumb/v7e-m+dp/hard\libc_nano.a(lib_a-lock.o)
                0x000000000800f546                __retarget_lock_release_recursive
 *(.glue_7)
 .glue_7        0x000000000800f548        0x0 linker stubs
 *(.glue_7t)
 .glue_7t       0x000000000800f548        0x0 linker stubs
 *(.eh_frame)
 .eh_frame      0x000000000800f548        0x0 c:/st/stm32cubeide_1.7.0/stm32cubeide/plugins/com.st.stm32cube.ide.mcu.externaltools.gnu-tools-for-stm32.10.3-2021.10.win32_1.0.200.202301161003/tools/bin/../lib/gcc/arm-none-eabi/10.3.1/thumb/v7e-m+dp/hard/crtbegin.o
 *(.init)
 .init          0x000000000800f548        0x4 c:/st/stm32cubeide_1.7.0/stm32cubeide/plugins/com.st.stm32cube.ide.mcu.externaltools.gnu-tools-for-stm32.10.3-2021.10.win32_1.0.200.202301161003/tools/bin/../lib/gcc/arm-none-eabi/10.3.1/thumb/v7e-m+dp/hard/crti.o
                0x000000000800f548                _init
 .init          0x000000000800f54c        0x8 c:/st/stm32cubeide_1.7.0/stm32cubeide/plugins/com.st.stm32cube.ide.mcu.externaltools.gnu-tools-for-stm32.10.3-2021.10.win32_1.0.200.202301161003/tools/bin/../lib/gcc/arm-none-eabi/10.3.1/thumb/v7e-m+dp/hard/crtn.o
 *(.fini)
 .fini          0x000000000800f554        0x4 c:/st/stm32cubeide_1.7.0/stm32cubeide/plugins/com.st.stm32cube.ide.mcu.externaltools.gnu-tools-for-stm32.10.3-2021.10.win32_1.0.200.202301161003/tools/bin/../lib/gcc/arm-none-eabi/10.3.1/thumb/v7e-m+dp/hard/crti.o
                0x000000000800f554                _fini
 .fini          0x000000000800f558        0x8 c:/st/stm32cubeide_1.7.0/stm32cubeide/plugins/com.st.stm32cube.ide.mcu.externaltools.gnu-tools-for-stm32.10.3-2021.10.win32_1.0.200.202301161003/tools/bin/../lib/gcc/arm-none-eabi/10.3.1/thumb/v7e-m+dp/hard/crtn.o
                0x000000000800f560                . = ALIGN (0x4)
                0x000000000800f560                _etext = .

.vfp11_veneer   0x000000000800f560        0x0
 .vfp11_veneer  0x000000000800f560        0x0 linker stubs

.v4_bx          0x000000000800f560        0x0
 .v4_bx         0x000000000800f560        0x0 linker stubs

.iplt           0x000000000800f560        0x0
 .iplt          0x000000000800f560        0x0 c:/st/stm32cubeide_1.7.0/stm32cubeide/plugins/com.st.stm32cube.ide.mcu.externaltools.gnu-tools-for-stm32.10.3-2021.10.win32_1.0.200.202301161003/tools/bin/../lib/gcc/arm-none-eabi/10.3.1/thumb/v7e-m+dp/hard/crtbegin.o

.rodata         0x000000000800f560      0x2f8
                0x000000000800f560                . = ALIGN (0x4)
 *(.rodata)
 .rodata        0x000000000800f560      0x19b ./Core/Src/rosserial.o
 *(.rodata*)
 *fill*         0x000000000800f6fb        0x1 
 .rodata._ZN14rosserial_msgsL12REQUESTPARAME
                0x000000000800f6fc       0x1c ./Core/Src/rosserial.o
 .rodata._ZTVN3ros10SubscriberIN13geometry_msgs5TwistEvEE
                0x000000000800f718       0x18 ./Core/Src/rosserial.o
                0x000000000800f718                vtable for ros::Subscriber<geometry_msgs::Twist, void>
 .rodata._ZTVN3ros11NodeHandle_I13STM32HardwareLi25ELi25ELi1024ELi1024EEE
                0x000000000800f730       0x14 ./Core/Src/rosserial.o
                0x000000000800f730                vtable for ros::NodeHandle_<STM32Hardware, 25, 25, 1024, 1024>
 .rodata._ZTVN13geometry_msgs5TwistE
                0x000000000800f744       0x18 ./Core/Src/rosserial.o
                0x000000000800f744                vtable for geometry_msgs::Twist
 .rodata._ZTVN13geometry_msgs7Vector3E
                0x000000000800f75c       0x18 ./Core/Src/rosserial.o
                0x000000000800f75c                vtable for geometry_msgs::Vector3
 .rodata._ZTVN3ros11Subscriber_E
                0x000000000800f774       0x18 ./Core/Src/rosserial.o
                0x000000000800f774                vtable for ros::Subscriber_
 .rodata._ZTVN3ros15NodeHandleBase_E
                0x000000000800f78c       0x14 ./Core/Src/rosserial.o
                0x000000000800f78c                vtable for ros::NodeHandleBase_
 .rodata._ZTVN14rosserial_msgs20RequestParamResponseE
                0x000000000800f7a0       0x18 ./Core/Src/rosserial.o
                0x000000000800f7a0                vtable for rosserial_msgs::RequestParamResponse
 .rodata._ZTVN14rosserial_msgs3LogE
                0x000000000800f7b8       0x18 ./Core/Src/rosserial.o
                0x000000000800f7b8                vtable for rosserial_msgs::Log
 .rodata._ZTVN14rosserial_msgs9TopicInfoE
                0x000000000800f7d0       0x18 ./Core/Src/rosserial.o
                0x000000000800f7d0                vtable for rosserial_msgs::TopicInfo
 .rodata._ZTVN8std_msgs4TimeE
                0x000000000800f7e8       0x18 ./Core/Src/rosserial.o
                0x000000000800f7e8                vtable for std_msgs::Time
 .rodata._ZTVN3ros3MsgE
                0x000000000800f800       0x18 ./Core/Src/rosserial.o
                0x000000000800f800                vtable for ros::Msg
 .rodata.D1CorePrescTable
                0x000000000800f818       0x10 ./Core/Src/system_stm32h7xx.o
                0x000000000800f818                D1CorePrescTable
 .rodata.flagBitshiftOffset.0
                0x000000000800f828        0x8 ./Drivers/STM32H7xx_HAL_Driver/Src/stm32h7xx_hal_dma.o
 .rodata.UARTPrescTable
                0x000000000800f830       0x18 ./Drivers/STM32H7xx_HAL_Driver/Src/stm32h7xx_hal_uart.o
                0x000000000800f830                UARTPrescTable
 .rodata.numerator.1
                0x000000000800f848        0x8 ./Drivers/STM32H7xx_HAL_Driver/Src/stm32h7xx_hal_uart_ex.o
 .rodata.denominator.0
                0x000000000800f850        0x8 ./Drivers/STM32H7xx_HAL_Driver/Src/stm32h7xx_hal_uart_ex.o
                0x000000000800f858                . = ALIGN (0x4)

.ARM.extab
 *(.ARM.extab* .gnu.linkonce.armextab.*)

.ARM            0x000000000800f858        0x8
                0x000000000800f858                __exidx_start = .
 *(.ARM.exidx*)
 .ARM.exidx     0x000000000800f858        0x8 c:/st/stm32cubeide_1.7.0/stm32cubeide/plugins/com.st.stm32cube.ide.mcu.externaltools.gnu-tools-for-stm32.10.3-2021.10.win32_1.0.200.202301161003/tools/bin/../lib/gcc/arm-none-eabi/10.3.1/thumb/v7e-m+dp/hard\libgcc.a(_udivmoddi4.o)
                0x000000000800f860                __exidx_end = .

.rel.dyn        0x000000000800f860        0x0
 .rel.iplt      0x000000000800f860        0x0 c:/st/stm32cubeide_1.7.0/stm32cubeide/plugins/com.st.stm32cube.ide.mcu.externaltools.gnu-tools-for-stm32.10.3-2021.10.win32_1.0.200.202301161003/tools/bin/../lib/gcc/arm-none-eabi/10.3.1/thumb/v7e-m+dp/hard/crtbegin.o

.preinit_array  0x000000000800f860        0x0
                0x000000000800f860                PROVIDE (__preinit_array_start = .)
 *(.preinit_array*)
                0x000000000800f860                PROVIDE (__preinit_array_end = .)

.init_array     0x000000000800f860        0x8
                0x000000000800f860                PROVIDE (__init_array_start = .)
 *(SORT_BY_NAME(.init_array.*))
 *(.init_array*)
 .init_array    0x000000000800f860        0x4 c:/st/stm32cubeide_1.7.0/stm32cubeide/plugins/com.st.stm32cube.ide.mcu.externaltools.gnu-tools-for-stm32.10.3-2021.10.win32_1.0.200.202301161003/tools/bin/../lib/gcc/arm-none-eabi/10.3.1/thumb/v7e-m+dp/hard/crtbegin.o
 .init_array    0x000000000800f864        0x4 ./Core/Src/rosserial.o
                0x000000000800f868                PROVIDE (__init_array_end = .)

.fini_array     0x000000000800f868        0x4
                [!provide]                        PROVIDE (__fini_array_start = .)
 *(SORT_BY_NAME(.fini_array.*))
 *(.fini_array*)
 .fini_array    0x000000000800f868        0x4 c:/st/stm32cubeide_1.7.0/stm32cubeide/plugins/com.st.stm32cube.ide.mcu.externaltools.gnu-tools-for-stm32.10.3-2021.10.win32_1.0.200.202301161003/tools/bin/../lib/gcc/arm-none-eabi/10.3.1/thumb/v7e-m+dp/hard/crtbegin.o
                [!provide]                        PROVIDE (__fini_array_end = .)
                0x000000000800f86c                _sidata = LOADADDR (.data)

.data           0x0000000024000000       0x78 load address 0x000000000800f86c
                0x0000000024000000                . = ALIGN (0x4)
                0x0000000024000000                _sdata = .
 *(.data)
 *(.data*)
 .data.SystemCoreClock
                0x0000000024000000        0x4 ./Core/Src/system_stm32h7xx.o
                0x0000000024000000                SystemCoreClock
 .data.SystemD2Clock
                0x0000000024000004        0x4 ./Core/Src/system_stm32h7xx.o
                0x0000000024000004                SystemD2Clock
 .data.uwTickPrio
                0x0000000024000008        0x4 ./Drivers/STM32H7xx_HAL_Driver/Src/stm32h7xx_hal.o
                0x0000000024000008                uwTickPrio
 .data.uwTickFreq
                0x000000002400000c        0x1 ./Drivers/STM32H7xx_HAL_Driver/Src/stm32h7xx_hal.o
                0x000000002400000c                uwTickFreq
 *fill*         0x000000002400000d        0x3 
 .data._ZN10__cxxabiv119__terminate_handlerE
                0x0000000024000010        0x4 c:/st/stm32cubeide_1.7.0/stm32cubeide/plugins/com.st.stm32cube.ide.mcu.externaltools.gnu-tools-for-stm32.10.3-2021.10.win32_1.0.200.202301161003/tools/bin/../lib/gcc/arm-none-eabi/10.3.1/../../../../arm-none-eabi/lib/thumb/v7e-m+dp/hard\libstdc++_nano.a(eh_term_handler.o)
                0x0000000024000010                __cxxabiv1::__terminate_handler
 .data._impure_ptr
                0x0000000024000014        0x4 c:/st/stm32cubeide_1.7.0/stm32cubeide/plugins/com.st.stm32cube.ide.mcu.externaltools.gnu-tools-for-stm32.10.3-2021.10.win32_1.0.200.202301161003/tools/bin/../lib/gcc/arm-none-eabi/10.3.1/../../../../arm-none-eabi/lib/thumb/v7e-m+dp/hard\libc_nano.a(lib_a-impure.o)
                0x0000000024000014                _impure_ptr
 .data.impure_data
                0x0000000024000018       0x60 c:/st/stm32cubeide_1.7.0/stm32cubeide/plugins/com.st.stm32cube.ide.mcu.externaltools.gnu-tools-for-stm32.10.3-2021.10.win32_1.0.200.202301161003/tools/bin/../lib/gcc/arm-none-eabi/10.3.1/../../../../arm-none-eabi/lib/thumb/v7e-m+dp/hard\libc_nano.a(lib_a-impure.o)
 *(.RamFunc)
 *(.RamFunc*)
                0x0000000024000078                . = ALIGN (0x4)
                0x0000000024000078                _edata = .

.igot.plt       0x0000000024000078        0x0 load address 0x000000000800f8e4
 .igot.plt      0x0000000024000078        0x0 c:/st/stm32cubeide_1.7.0/stm32cubeide/plugins/com.st.stm32cube.ide.mcu.externaltools.gnu-tools-for-stm32.10.3-2021.10.win32_1.0.200.202301161003/tools/bin/../lib/gcc/arm-none-eabi/10.3.1/thumb/v7e-m+dp/hard/crtbegin.o
                0x0000000024000078                . = ALIGN (0x4)

.bss            0x0000000024000078     0x1a90 load address 0x000000000800f8e4
                0x0000000024000078                _sbss = .
                0x0000000024000078                __bss_start__ = _sbss
 *(.bss)
 .bss           0x0000000024000078       0x1c c:/st/stm32cubeide_1.7.0/stm32cubeide/plugins/com.st.stm32cube.ide.mcu.externaltools.gnu-tools-for-stm32.10.3-2021.10.win32_1.0.200.202301161003/tools/bin/../lib/gcc/arm-none-eabi/10.3.1/thumb/v7e-m+dp/hard/crtbegin.o
 *(.bss*)
 *fill*         0x0000000024000094        0x4 
 .bss.radius_error_a
                0x0000000024000098        0x8 ./Core/Src/control.o
                0x0000000024000098                radius_error_a
 .bss.radius_error_b
                0x00000000240000a0        0x8 ./Core/Src/control.o
                0x00000000240000a0                radius_error_b
 .bss.radius_error_c
                0x00000000240000a8        0x8 ./Core/Src/control.o
                0x00000000240000a8                radius_error_c
 .bss.radius_error_d
                0x00000000240000b0        0x8 ./Core/Src/control.o
                0x00000000240000b0                radius_error_d
 .bss.radius_error_chassis
                0x00000000240000b8        0x8 ./Core/Src/control.o
                0x00000000240000b8                radius_error_chassis
 .bss.linearvelocity_x
                0x00000000240000c0        0x8 ./Core/Src/control.o
                0x00000000240000c0                linearvelocity_x
 .bss.linearvelocity_y
                0x00000000240000c8        0x8 ./Core/Src/control.o
                0x00000000240000c8                linearvelocity_y
 .bss.angularvelocity
                0x00000000240000d0        0x8 ./Core/Src/control.o
                0x00000000240000d0                angularvelocity
 .bss.limit_integral
                0x00000000240000d8        0x8 ./Core/Src/control.o
                0x00000000240000d8                limit_integral
 .bss.pwm_arr   0x00000000240000e0        0x8 ./Core/Src/control.o
                0x00000000240000e0                pwm_arr
 .bss.control_period
                0x00000000240000e8        0x8 ./Core/Src/control.o
                0x00000000240000e8                control_period
 .bss.WheelA    0x00000000240000f0      0x110 ./Core/Src/control.o
                0x00000000240000f0                WheelA
 .bss.WheelB    0x0000000024000200      0x110 ./Core/Src/control.o
                0x0000000024000200                WheelB
 .bss.WheelC    0x0000000024000310      0x110 ./Core/Src/control.o
                0x0000000024000310                WheelC
 .bss.WheelD    0x0000000024000420      0x110 ./Core/Src/control.o
                0x0000000024000420                WheelD
 .bss.i         0x0000000024000530        0x4 ./Core/Src/control.o
                0x0000000024000530                i
 .bss.odom_count
                0x0000000024000534        0x4 ./Core/Src/main.o
                0x0000000024000534                odom_count
 .bss._ZZN13STM32Hardware5flushEvE5mutex
                0x0000000024000538        0x1 ./Core/Src/rosserial.o
                0x0000000024000538                STM32Hardware::flush()::mutex
 *fill*         0x0000000024000539        0x3 
 .bss.nh        0x000000002400053c     0x1140 ./Core/Src/rosserial.o
                0x000000002400053c                nh
 *fill*         0x000000002400167c        0x4 
 .bss.real_speed
                0x0000000024001680       0x48 ./Core/Src/rosserial.o
                0x0000000024001680                real_speed
 .bss.vel_sub   0x00000000240016c8       0x60 ./Core/Src/rosserial.o
                0x00000000240016c8                vel_sub
 .bss.odom_pub  0x0000000024001728       0x14 ./Core/Src/rosserial.o
                0x0000000024001728                odom_pub
 *fill*         0x000000002400173c        0x4 
 .bss.odom_vel  0x0000000024001740       0x18 ./Core/Src/rosserial.o
                0x0000000024001740                odom_vel
 .bss.__sbrk_heap_end
                0x0000000024001758        0x4 ./Core/Src/sysmem.o
 .bss.htim2     0x000000002400175c       0x4c ./Core/Src/tim.o
                0x000000002400175c                htim2
 .bss.htim3     0x00000000240017a8       0x4c ./Core/Src/tim.o
                0x00000000240017a8                htim3
 .bss.htim4     0x00000000240017f4       0x4c ./Core/Src/tim.o
                0x00000000240017f4                htim4
 .bss.htim5     0x0000000024001840       0x4c ./Core/Src/tim.o
                0x0000000024001840                htim5
 .bss.htim12    0x000000002400188c       0x4c ./Core/Src/tim.o
                0x000000002400188c                htim12
 .bss.htim15    0x00000000240018d8       0x4c ./Core/Src/tim.o
                0x00000000240018d8                htim15
 .bss.htim23    0x0000000024001924       0x4c ./Core/Src/tim.o
                0x0000000024001924                htim23
 .bss.huart1    0x0000000024001970       0x94 ./Core/Src/usart.o
                0x0000000024001970                huart1
 .bss.hdma_usart1_rx
                0x0000000024001a04       0x78 ./Core/Src/usart.o
                0x0000000024001a04                hdma_usart1_rx
 .bss.hdma_usart1_tx
                0x0000000024001a7c       0x78 ./Core/Src/usart.o
                0x0000000024001a7c                hdma_usart1_tx
 .bss.uwTick    0x0000000024001af4        0x4 ./Drivers/STM32H7xx_HAL_Driver/Src/stm32h7xx_hal.o
                0x0000000024001af4                uwTick
 .bss.__malloc_free_list
                0x0000000024001af8        0x4 c:/st/stm32cubeide_1.7.0/stm32cubeide/plugins/com.st.stm32cube.ide.mcu.externaltools.gnu-tools-for-stm32.10.3-2021.10.win32_1.0.200.202301161003/tools/bin/../lib/gcc/arm-none-eabi/10.3.1/../../../../arm-none-eabi/lib/thumb/v7e-m+dp/hard\libc_nano.a(lib_a-nano-mallocr.o)
                0x0000000024001af8                __malloc_free_list
 .bss.__malloc_sbrk_start
                0x0000000024001afc        0x4 c:/st/stm32cubeide_1.7.0/stm32cubeide/plugins/com.st.stm32cube.ide.mcu.externaltools.gnu-tools-for-stm32.10.3-2021.10.win32_1.0.200.202301161003/tools/bin/../lib/gcc/arm-none-eabi/10.3.1/../../../../arm-none-eabi/lib/thumb/v7e-m+dp/hard\libc_nano.a(lib_a-nano-mallocr.o)
                0x0000000024001afc                __malloc_sbrk_start
 .bss.errno     0x0000000024001b00        0x4 c:/st/stm32cubeide_1.7.0/stm32cubeide/plugins/com.st.stm32cube.ide.mcu.externaltools.gnu-tools-for-stm32.10.3-2021.10.win32_1.0.200.202301161003/tools/bin/../lib/gcc/arm-none-eabi/10.3.1/../../../../arm-none-eabi/lib/thumb/v7e-m+dp/hard\libc_nano.a(lib_a-reent.o)
                0x0000000024001b00                errno
 .bss.__lock___malloc_recursive_mutex
                0x0000000024001b04        0x1 c:/st/stm32cubeide_1.7.0/stm32cubeide/plugins/com.st.stm32cube.ide.mcu.externaltools.gnu-tools-for-stm32.10.3-2021.10.win32_1.0.200.202301161003/tools/bin/../lib/gcc/arm-none-eabi/10.3.1/../../../../arm-none-eabi/lib/thumb/v7e-m+dp/hard\libc_nano.a(lib_a-lock.o)
                0x0000000024001b04                __lock___malloc_recursive_mutex
 *(COMMON)
                0x0000000024001b08                . = ALIGN (0x4)
 *fill*         0x0000000024001b05        0x3 
                0x0000000024001b08                _ebss = .
                0x0000000024001b08                __bss_end__ = _ebss

._user_heap_stack
                0x0000000024001b08      0x600 load address 0x000000000800f8e4
                0x0000000024001b08                . = ALIGN (0x8)
                [!provide]                        PROVIDE (end = .)
                0x0000000024001b08                PROVIDE (_end = .)
                0x0000000024001d08                . = (. + _Min_Heap_Size)
 *fill*         0x0000000024001b08      0x200 
                0x0000000024002108                . = (. + _Min_Stack_Size)
 *fill*         0x0000000024001d08      0x400 
                0x0000000024002108                . = ALIGN (0x8)

/DISCARD/
 libc.a(*)
 libm.a(*)
 libgcc.a(*)

.ARM.attributes
                0x0000000000000000       0x2e
 *(.ARM.attributes)
 .ARM.attributes
                0x0000000000000000       0x1e c:/st/stm32cubeide_1.7.0/stm32cubeide/plugins/com.st.stm32cube.ide.mcu.externaltools.gnu-tools-for-stm32.10.3-2021.10.win32_1.0.200.202301161003/tools/bin/../lib/gcc/arm-none-eabi/10.3.1/thumb/v7e-m+dp/hard/crti.o
 .ARM.attributes
                0x000000000000001e       0x32 c:/st/stm32cubeide_1.7.0/stm32cubeide/plugins/com.st.stm32cube.ide.mcu.externaltools.gnu-tools-for-stm32.10.3-2021.10.win32_1.0.200.202301161003/tools/bin/../lib/gcc/arm-none-eabi/10.3.1/thumb/v7e-m+dp/hard/crtbegin.o
 .ARM.attributes
                0x0000000000000050       0x32 ./Core/Inc/time.o
 .ARM.attributes
                0x0000000000000082       0x32 ./Core/Src/control.o
 .ARM.attributes
                0x00000000000000b4       0x32 ./Core/Src/dma.o
 .ARM.attributes
                0x00000000000000e6       0x32 ./Core/Src/gpio.o
 .ARM.attributes
                0x0000000000000118       0x32 ./Core/Src/main.o
 .ARM.attributes
                0x000000000000014a       0x32 ./Core/Src/rosserial.o
 .ARM.attributes
                0x000000000000017c       0x32 ./Core/Src/stm32h7xx_hal_msp.o
 .ARM.attributes
                0x00000000000001ae       0x32 ./Core/Src/stm32h7xx_it.o
 .ARM.attributes
                0x00000000000001e0       0x32 ./Core/Src/syscalls.o
 .ARM.attributes
                0x0000000000000212       0x32 ./Core/Src/sysmem.o
 .ARM.attributes
                0x0000000000000244       0x32 ./Core/Src/system_stm32h7xx.o
 .ARM.attributes
                0x0000000000000276       0x32 ./Core/Src/tim.o
 .ARM.attributes
                0x00000000000002a8       0x32 ./Core/Src/usart.o
 .ARM.attributes
                0x00000000000002da       0x21 ./Core/Startup/startup_stm32h723zgtx.o
 .ARM.attributes
                0x00000000000002fb       0x32 ./Drivers/STM32H7xx_HAL_Driver/Src/stm32h7xx_hal.o
 .ARM.attributes
                0x000000000000032d       0x32 ./Drivers/STM32H7xx_HAL_Driver/Src/stm32h7xx_hal_cortex.o
 .ARM.attributes
                0x000000000000035f       0x32 ./Drivers/STM32H7xx_HAL_Driver/Src/stm32h7xx_hal_dma.o
 .ARM.attributes
                0x0000000000000391       0x32 ./Drivers/STM32H7xx_HAL_Driver/Src/stm32h7xx_hal_gpio.o
 .ARM.attributes
                0x00000000000003c3       0x32 ./Drivers/STM32H7xx_HAL_Driver/Src/stm32h7xx_hal_pwr_ex.o
 .ARM.attributes
                0x00000000000003f5       0x32 ./Drivers/STM32H7xx_HAL_Driver/Src/stm32h7xx_hal_rcc.o
 .ARM.attributes
                0x0000000000000427       0x32 ./Drivers/STM32H7xx_HAL_Driver/Src/stm32h7xx_hal_rcc_ex.o
 .ARM.attributes
                0x0000000000000459       0x32 ./Drivers/STM32H7xx_HAL_Driver/Src/stm32h7xx_hal_tim.o
 .ARM.attributes
                0x000000000000048b       0x32 ./Drivers/STM32H7xx_HAL_Driver/Src/stm32h7xx_hal_tim_ex.o
 .ARM.attributes
                0x00000000000004bd       0x32 ./Drivers/STM32H7xx_HAL_Driver/Src/stm32h7xx_hal_uart.o
 .ARM.attributes
                0x00000000000004ef       0x32 ./Drivers/STM32H7xx_HAL_Driver/Src/stm32h7xx_hal_uart_ex.o
 .ARM.attributes
                0x0000000000000521       0x32 c:/st/stm32cubeide_1.7.0/stm32cubeide/plugins/com.st.stm32cube.ide.mcu.externaltools.gnu-tools-for-stm32.10.3-2021.10.win32_1.0.200.202301161003/tools/bin/../lib/gcc/arm-none-eabi/10.3.1/../../../../arm-none-eabi/lib/thumb/v7e-m+dp/hard\libstdc++_nano.a(pure.o)
 .ARM.attributes
                0x0000000000000553       0x32 c:/st/stm32cubeide_1.7.0/stm32cubeide/plugins/com.st.stm32cube.ide.mcu.externaltools.gnu-tools-for-stm32.10.3-2021.10.win32_1.0.200.202301161003/tools/bin/../lib/gcc/arm-none-eabi/10.3.1/../../../../arm-none-eabi/lib/thumb/v7e-m+dp/hard\libstdc++_nano.a(eh_terminate.o)
 .ARM.attributes
                0x0000000000000585       0x32 c:/st/stm32cubeide_1.7.0/stm32cubeide/plugins/com.st.stm32cube.ide.mcu.externaltools.gnu-tools-for-stm32.10.3-2021.10.win32_1.0.200.202301161003/tools/bin/../lib/gcc/arm-none-eabi/10.3.1/../../../../arm-none-eabi/lib/thumb/v7e-m+dp/hard\libstdc++_nano.a(eh_term_handler.o)
 .ARM.attributes